[journal] ce_x epoch 1/50 train_loss=0.6295 val_loss=0.7740 val_auc=0.540920716112532 phase=clean apis_l2=0.0 valid_frac=0.0
[journal] ce_x epoch 2/50 train_loss=0.5170 val_loss=2.1570 val_auc=0.520460358056266 phase=clean apis_l2=0.0 valid_frac=0.0
[journal] ce_x epoch 3/50 train_loss=0.4279 val_loss=1.0924 val_auc=0.5494458653026428 phase=clean apis_l2=0.0 valid_frac=0.0
[journal] ce_x epoch 4/50 train_loss=0.3923 val_loss=1.0462 val_auc=0.552003410059676 phase=clean apis_l2=0.0 valid_frac=0.0
[journal] ce_x epoch 5/50 train_loss=0.3687 val_loss=0.9328 val_auc=0.5707587382779198 phase=clean apis_l2=0.0 valid_frac=0.0
[journal] ce_x epoch 6/50 train_loss=0.3405 val_loss=1.1357 val_auc=0.5703324808184144 phase=clean apis_l2=0.0 valid_frac=0.0
[journal] ce_x epoch 7/50 train_loss=0.2801 val_loss=1.3995 val_auc=0.5707587382779199 phase=clean apis_l2=0.0 valid_frac=0.0
[journal] ce_x epoch 8/50 train_loss=0.3160 val_loss=1.3454 val_auc=0.5792838874680307 phase=clean apis_l2=0.0 valid_frac=0.0
[journal] ce_x epoch 9/50 train_loss=0.3404 val_loss=1.4485 val_auc=0.5439045183290707 phase=clean apis_l2=0.0 valid_frac=0.0
[journal] ce_x epoch 10/50 train_loss=0.2911 val_loss=1.0330 val_auc=0.5140664961636828 phase=clean apis_l2=0.0 valid_frac=0.0
[journal] ce_x epoch 11/50 train_loss=0.2324 val_loss=1.5733 val_auc=0.4867860187553282 phase=clean apis_l2=0.0 valid_frac=0.0
[journal] ce_x epoch 12/50 train_loss=0.2578 val_loss=1.1170 val_auc=0.49957374254049447 phase=clean apis_l2=0.0 valid_frac=0.0
[journal] ce_x epoch 13/50 train_loss=0.1872 val_loss=0.8773 val_auc=0.4944586530264279 phase=clean apis_l2=0.0 valid_frac=0.0
[journal] ce_x epoch 14/50 train_loss=0.1925 val_loss=0.9043 val_auc=0.5174765558397272 phase=clean apis_l2=0.0 valid_frac=0.0
[journal] ce_x epoch 15/50 train_loss=0.1210 val_loss=1.2041 val_auc=0.4697357203751065 phase=clean apis_l2=0.0 valid_frac=0.0
[journal] ce_x epoch 16/50 train_loss=0.1352 val_loss=1.1502 val_auc=0.4914748508098891 phase=clean apis_l2=0.0 valid_frac=0.0
[journal] ce_x epoch 17/50 train_loss=0.1055 val_loss=1.5030 val_auc=0.46035805626598464 phase=clean apis_l2=0.0 valid_frac=0.0
[journal] ce_x epoch 18/50 train_loss=0.1426 val_loss=0.9401 val_auc=0.5059676044330775 phase=clean apis_l2=0.0 valid_frac=0.0
[journal] ce_x epoch 19/50 train_loss=0.0969 val_loss=1.3178 val_auc=0.5140664961636828 phase=clean apis_l2=0.0 valid_frac=0.0
[journal] ce_x epoch 20/50 train_loss=0.0875 val_loss=1.1956 val_auc=0.5311167945439045 phase=clean apis_l2=0.0 valid_frac=0.0
[journal] ce_x epoch 21/50 train_loss=0.0732 val_loss=0.9839 val_auc=0.577152600170503 phase=clean apis_l2=0.0 valid_frac=0.0
[journal] ce_x epoch 22/50 train_loss=0.0464 val_loss=1.1585 val_auc=0.5596760443307758 phase=clean apis_l2=0.0 valid_frac=0.0
[journal] ce_x epoch 23/50 train_loss=0.0459 val_loss=1.0969 val_auc=0.5831202046035805 phase=clean apis_l2=0.0 valid_frac=0.0
[journal] ce_x epoch 24/50 train_loss=0.0291 val_loss=1.5805 val_auc=0.5230179028132993 phase=clean apis_l2=0.0 valid_frac=0.0
[journal] ce_x epoch 25/50 train_loss=0.0063 val_loss=1.3567 val_auc=0.5473145780051151 phase=clean apis_l2=0.0 valid_frac=0.0
[journal] ce_x epoch 26/50 train_loss=0.0121 val_loss=1.4808 val_auc=0.5234441602728047 phase=clean apis_l2=0.0 valid_frac=0.0
[journal] ce_x epoch 27/50 train_loss=0.0564 val_loss=1.5407 val_auc=0.5387894288150042 phase=clean apis_l2=0.0 valid_frac=0.0
[journal] ce_x epoch 28/50 train_loss=0.1856 val_loss=1.3526 val_auc=0.5213128729752771 phase=clean apis_l2=0.0 valid_frac=0.0
[journal] ce_x epoch 29/50 train_loss=0.1859 val_loss=1.7735 val_auc=0.5323955669224211 phase=clean apis_l2=0.0 valid_frac=0.0
[journal] ce_x epoch 30/50 train_loss=0.1458 val_loss=1.4993 val_auc=0.5268542199488492 phase=clean apis_l2=0.0 valid_frac=0.0
[journal] ce_x epoch 31/50 train_loss=0.0751 val_loss=1.0170 val_auc=0.5588235294117647 phase=clean apis_l2=0.0 valid_frac=0.0
[journal] ce_x epoch 32/50 train_loss=0.1132 val_loss=1.2999 val_auc=0.56692242114237 phase=clean apis_l2=0.0 valid_frac=0.0
[journal] ce_x epoch 33/50 train_loss=0.0492 val_loss=1.6660 val_auc=0.5912190963341859 phase=clean apis_l2=0.0 valid_frac=0.0
[journal] ce_x epoch 34/50 train_loss=0.0433 val_loss=1.4855 val_auc=0.5520034100596761 phase=clean apis_l2=0.0 valid_frac=0.0
[journal] ce_x epoch 35/50 train_loss=0.0817 val_loss=1.2649 val_auc=0.5588235294117647 phase=clean apis_l2=0.0 valid_frac=0.0
[journal] ce_x epoch 36/50 train_loss=0.0262 val_loss=1.6950 val_auc=0.5447570332480819 phase=clean apis_l2=0.0 valid_frac=0.0
[journal] ce_x epoch 37/50 train_loss=0.0615 val_loss=1.3886 val_auc=0.5737425404944586 phase=clean apis_l2=0.0 valid_frac=0.0
[journal] ce_x epoch 38/50 train_loss=0.0510 val_loss=1.3894 val_auc=0.5400682011935208 phase=clean apis_l2=0.0 valid_frac=0.0
[journal] ce_x epoch 39/50 train_loss=0.0293 val_loss=1.2134 val_auc=0.5515771526001706 phase=clean apis_l2=0.0 valid_frac=0.0
[journal] ce_x epoch 40/50 train_loss=0.0156 val_loss=1.5700 val_auc=0.5647911338448423 phase=clean apis_l2=0.0 valid_frac=0.0
[journal] ce_x epoch 41/50 train_loss=0.0344 val_loss=1.5626 val_auc=0.5912190963341858 phase=clean apis_l2=0.0 valid_frac=0.0
[journal] ce_x epoch 42/50 train_loss=0.0257 val_loss=1.7649 val_auc=0.5937766410912191 phase=clean apis_l2=0.0 valid_frac=0.0
[journal] ce_x epoch 43/50 train_loss=0.0349 val_loss=2.3042 val_auc=0.5622335890878091 phase=clean apis_l2=0.0 valid_frac=0.0
[journal] ce_x epoch 44/50 train_loss=0.0109 val_loss=1.4869 val_auc=0.5409207161125319 phase=clean apis_l2=0.0 valid_frac=0.0
[journal] ce_x epoch 45/50 train_loss=0.0113 val_loss=1.3745 val_auc=0.5332480818414322 phase=clean apis_l2=0.0 valid_frac=0.0
[journal] ce_x epoch 46/50 train_loss=0.0283 val_loss=1.2621 val_auc=0.5498721227621483 phase=clean apis_l2=0.0 valid_frac=0.0
[journal] ce_x epoch 47/50 train_loss=0.0047 val_loss=1.4421 val_auc=0.571611253196931 phase=clean apis_l2=0.0 valid_frac=0.0
[journal] ce_x epoch 48/50 train_loss=0.1404 val_loss=1.3354 val_auc=0.5430520034100598 phase=clean apis_l2=0.0 valid_frac=0.0
[journal] ce_x epoch 49/50 train_loss=0.0937 val_loss=1.1627 val_auc=0.5643648763853367 phase=clean apis_l2=0.0 valid_frac=0.0
[journal] ce_x epoch 50/50 train_loss=0.0826 val_loss=1.7309 val_auc=0.5413469735720375 phase=clean apis_l2=0.0 valid_frac=0.0
[journal] mixstyle_x epoch 1/50 train_loss=0.6125 val_loss=1.0710 val_auc=0.5 phase=mixstyle apis_l2=0.0 valid_frac=0.0
[journal] mixstyle_x epoch 2/50 train_loss=0.5278 val_loss=1.7874 val_auc=0.5 phase=mixstyle apis_l2=0.0 valid_frac=0.0
[journal] mixstyle_x epoch 3/50 train_loss=0.4341 val_loss=0.7528 val_auc=0.5 phase=mixstyle apis_l2=0.0 valid_frac=0.0
[journal] mixstyle_x epoch 4/50 train_loss=0.4310 val_loss=0.7914 val_auc=0.520460358056266 phase=mixstyle apis_l2=0.0 valid_frac=0.0
[journal] mixstyle_x epoch 5/50 train_loss=0.3985 val_loss=0.8088 val_auc=0.5341005967604433 phase=mixstyle apis_l2=0.0 valid_frac=0.0
[journal] mixstyle_x epoch 6/50 train_loss=0.3081 val_loss=1.4485 val_auc=0.5643648763853367 phase=mixstyle apis_l2=0.0 valid_frac=0.0
[journal] mixstyle_x epoch 7/50 train_loss=0.2928 val_loss=1.2695 val_auc=0.5485933503836318 phase=mixstyle apis_l2=0.0 valid_frac=0.0
[journal] mixstyle_x epoch 8/50 train_loss=0.3599 val_loss=1.1409 val_auc=0.5375106564364877 phase=mixstyle apis_l2=0.0 valid_frac=0.0
[journal] mixstyle_x epoch 9/50 train_loss=0.3323 val_loss=0.9497 val_auc=0.5294117647058824 phase=mixstyle apis_l2=0.0 valid_frac=0.0
[journal] mixstyle_x epoch 10/50 train_loss=0.2772 val_loss=0.7667 val_auc=0.5502983802216539 phase=mixstyle apis_l2=0.0 valid_frac=0.0
[journal] mixstyle_x epoch 11/50 train_loss=0.2284 val_loss=1.3798 val_auc=0.5477408354646206 phase=mixstyle apis_l2=0.0 valid_frac=0.0
[journal] mixstyle_x epoch 12/50 train_loss=0.2623 val_loss=1.0737 val_auc=0.5379369138959932 phase=mixstyle apis_l2=0.0 valid_frac=0.0
[journal] mixstyle_x epoch 13/50 train_loss=0.2042 val_loss=0.8671 val_auc=0.5238704177323104 phase=mixstyle apis_l2=0.0 valid_frac=0.0
[journal] mixstyle_x epoch 14/50 train_loss=0.2021 val_loss=0.6970 val_auc=0.546462063086104 phase=mixstyle apis_l2=0.0 valid_frac=0.0
[journal] mixstyle_x epoch 15/50 train_loss=0.1366 val_loss=1.0066 val_auc=0.5328218243819266 phase=mixstyle apis_l2=0.0 valid_frac=0.0
[journal] mixstyle_x epoch 16/50 train_loss=0.1434 val_loss=0.9600 val_auc=0.5490196078431373 phase=mixstyle apis_l2=0.0 valid_frac=0.0
[journal] mixstyle_x epoch 17/50 train_loss=0.0905 val_loss=1.3061 val_auc=0.5549872122762148 phase=mixstyle apis_l2=0.0 valid_frac=0.0
[journal] mixstyle_x epoch 18/50 train_loss=0.1962 val_loss=0.8057 val_auc=0.5907928388746803 phase=mixstyle apis_l2=0.0 valid_frac=0.0
[journal] mixstyle_x epoch 19/50 train_loss=0.0995 val_loss=1.2415 val_auc=0.5664961636828644 phase=mixstyle apis_l2=0.0 valid_frac=0.0
[journal] mixstyle_x epoch 20/50 train_loss=0.1152 val_loss=1.3002 val_auc=0.5775788576300085 phase=mixstyle apis_l2=0.0 valid_frac=0.0
[journal] mixstyle_x epoch 21/50 train_loss=0.1104 val_loss=0.9987 val_auc=0.5848252344416027 phase=mixstyle apis_l2=0.0 valid_frac=0.0
[journal] mixstyle_x epoch 22/50 train_loss=0.0451 val_loss=1.0932 val_auc=0.5826939471440751 phase=mixstyle apis_l2=0.0 valid_frac=0.0
[journal] mixstyle_x epoch 23/50 train_loss=0.0513 val_loss=1.1857 val_auc=0.5809889173060528 phase=mixstyle apis_l2=0.0 valid_frac=0.0
[journal] mixstyle_x epoch 24/50 train_loss=0.0855 val_loss=0.9940 val_auc=0.56692242114237 phase=mixstyle apis_l2=0.0 valid_frac=0.0
[journal] mixstyle_x epoch 25/50 train_loss=0.0325 val_loss=1.0190 val_auc=0.5835464620630861 phase=mixstyle apis_l2=0.0 valid_frac=0.0
[journal] mixstyle_x epoch 26/50 train_loss=0.0902 val_loss=1.3829 val_auc=0.5447570332480819 phase=mixstyle apis_l2=0.0 valid_frac=0.0
[journal] mixstyle_x epoch 27/50 train_loss=0.1046 val_loss=1.4699 val_auc=0.5366581415174766 phase=mixstyle apis_l2=0.0 valid_frac=0.0
[journal] mixstyle_x epoch 28/50 train_loss=0.0757 val_loss=1.4565 val_auc=0.5119352088661552 phase=mixstyle apis_l2=0.0 valid_frac=0.0
[journal] mixstyle_x epoch 29/50 train_loss=0.0779 val_loss=1.3185 val_auc=0.5375106564364877 phase=mixstyle apis_l2=0.0 valid_frac=0.0
[journal] mixstyle_x epoch 30/50 train_loss=0.0330 val_loss=1.3038 val_auc=0.5558397271952259 phase=mixstyle apis_l2=0.0 valid_frac=0.0
[journal] mixstyle_x epoch 31/50 train_loss=0.0190 val_loss=1.0165 val_auc=0.5733162830349531 phase=mixstyle apis_l2=0.0 valid_frac=0.0
[journal] mixstyle_x epoch 32/50 train_loss=0.0278 val_loss=1.3153 val_auc=0.5694799658994033 phase=mixstyle apis_l2=0.0 valid_frac=0.0
[journal] mixstyle_x epoch 33/50 train_loss=0.0087 val_loss=1.2711 val_auc=0.5277067348678602 phase=mixstyle apis_l2=0.0 valid_frac=0.0
[journal] mixstyle_x epoch 34/50 train_loss=0.0043 val_loss=1.2905 val_auc=0.5277067348678602 phase=mixstyle apis_l2=0.0 valid_frac=0.0
[journal] mixstyle_x epoch 35/50 train_loss=0.0029 val_loss=1.4840 val_auc=0.5179028132992327 phase=mixstyle apis_l2=0.0 valid_frac=0.0
[journal] mixstyle_x epoch 36/50 train_loss=0.0027 val_loss=1.3550 val_auc=0.5421994884910486 phase=mixstyle apis_l2=0.0 valid_frac=0.0
[journal] mixstyle_x epoch 37/50 train_loss=0.0027 val_loss=1.4551 val_auc=0.5473145780051151 phase=mixstyle apis_l2=0.0 valid_frac=0.0
[journal] mixstyle_x epoch 38/50 train_loss=0.0026 val_loss=1.4250 val_auc=0.552003410059676 phase=mixstyle apis_l2=0.0 valid_frac=0.0
[journal] mixstyle_x epoch 39/50 train_loss=0.0018 val_loss=1.4766 val_auc=0.552003410059676 phase=mixstyle apis_l2=0.0 valid_frac=0.0
[journal] mixstyle_x epoch 40/50 train_loss=0.0615 val_loss=1.8715 val_auc=0.5409207161125319 phase=mixstyle apis_l2=0.0 valid_frac=0.0
[journal] mixstyle_x epoch 41/50 train_loss=0.1759 val_loss=2.0612 val_auc=0.525149190110827 phase=mixstyle apis_l2=0.0 valid_frac=0.0
[journal] mixstyle_x epoch 42/50 train_loss=0.1670 val_loss=1.4753 val_auc=0.5136402387041773 phase=mixstyle apis_l2=0.0 valid_frac=0.0
[journal] mixstyle_x epoch 43/50 train_loss=0.0574 val_loss=1.6953 val_auc=0.5277067348678601 phase=mixstyle apis_l2=0.0 valid_frac=0.0
[journal] mixstyle_x epoch 44/50 train_loss=0.0845 val_loss=1.1357 val_auc=0.5136402387041773 phase=mixstyle apis_l2=0.0 valid_frac=0.0
[journal] mixstyle_x epoch 45/50 train_loss=0.0557 val_loss=1.1888 val_auc=0.5247229326513213 phase=mixstyle apis_l2=0.0 valid_frac=0.0
[journal] mixstyle_x epoch 46/50 train_loss=0.0403 val_loss=1.2988 val_auc=0.5285592497868713 phase=mixstyle apis_l2=0.0 valid_frac=0.0
[journal] mixstyle_x epoch 47/50 train_loss=0.0174 val_loss=1.5461 val_auc=0.5856777493606138 phase=mixstyle apis_l2=0.0 valid_frac=0.0
[journal] mixstyle_x epoch 48/50 train_loss=0.0572 val_loss=1.1729 val_auc=0.5886615515771526 phase=mixstyle apis_l2=0.0 valid_frac=0.0
[journal] mixstyle_x epoch 49/50 train_loss=0.0321 val_loss=1.2852 val_auc=0.6112531969309463 phase=mixstyle apis_l2=0.0 valid_frac=0.0
[journal] mixstyle_x epoch 50/50 train_loss=0.0619 val_loss=1.3988 val_auc=0.5916453537936914 phase=mixstyle apis_l2=0.0 valid_frac=0.0
[journal] apic_v3_2_x epoch 1/50 train_loss=0.6135 val_loss=0.9312 val_auc=0.5294117647058824 phase=clean_warmup apis_l2=0.0 valid_frac=0.0
[journal] apic_v3_2_x epoch 2/50 train_loss=0.5330 val_loss=1.6109 val_auc=0.5147058823529411 phase=clean_warmup apis_l2=0.0 valid_frac=0.0
[journal] apic_v3_2_x epoch 3/50 train_loss=0.4440 val_loss=1.0528 val_auc=0.5579710144927535 phase=clean_warmup apis_l2=0.0 valid_frac=0.0
[journal] apic_v3_2_x epoch 4/50 train_loss=0.4140 val_loss=0.8537 val_auc=0.5924978687127025 phase=clean_warmup apis_l2=0.0 valid_frac=0.0
[journal] apic_v3_2_x epoch 5/50 train_loss=0.3909 val_loss=0.8862 val_auc=0.5993179880647911 phase=clean_warmup apis_l2=0.0 valid_frac=0.0
[journal] apic_v3_2_x epoch 6/50 train_loss=0.3627 val_loss=0.8862 val_auc=0.5579710144927535 phase=style_bank_build apis_l2=0.0 valid_frac=0.0
[journal] apic_v3_2_x epoch 7/50 train_loss=0.3164 val_loss=0.9346 val_auc=0.5029838022165388 phase=apis_warmup apis_l2=0.0 valid_frac=0.0
[journal] apic_v3_2_x epoch 8/50 train_loss=0.3452 val_loss=0.9122 val_auc=0.5383631713554987 phase=apis_warmup apis_l2=0.0 valid_frac=0.0
[journal] apic_v3_2_x epoch 9/50 train_loss=0.3591 val_loss=0.9715 val_auc=0.5711849957374254 phase=apis_warmup apis_l2=0.0 valid_frac=0.0
[journal] apic_v3_2_x epoch 10/50 train_loss=0.3065 val_loss=1.0489 val_auc=0.6104006820119352 phase=apis_warmup apis_l2=0.0 valid_frac=0.0
[journal] apic_v3_2_x epoch 11/50 train_loss=0.2727 val_loss=1.4265 val_auc=0.5682011935208866 phase=apis_warmup apis_l2=0.0 valid_frac=0.0
[journal] apic_v3_2_x epoch 12/50 train_loss=0.2671 val_loss=1.1479 val_auc=0.5656436487638533 phase=joint apis_l2=0.0 valid_frac=0.0
[journal] apic_v3_2_x epoch 13/50 train_loss=0.2145 val_loss=0.9392 val_auc=0.5289855072463768 phase=joint apis_l2=0.0 valid_frac=0.0
[journal] apic_v3_2_x epoch 14/50 train_loss=0.2428 val_loss=0.8623 val_auc=0.5349531116794544 phase=joint apis_l2=0.0 valid_frac=0.0
[journal] apic_v3_2_x epoch 15/50 train_loss=0.1703 val_loss=1.1670 val_auc=0.5042625745950554 phase=joint apis_l2=0.0 valid_frac=0.0
[journal] apic_v3_2_x epoch 16/50 train_loss=0.2109 val_loss=1.0380 val_auc=0.5520034100596761 phase=joint apis_l2=0.0 valid_frac=0.0
[journal] apic_v3_2_x epoch 17/50 train_loss=0.1362 val_loss=1.1736 val_auc=0.5792838874680307 phase=joint apis_l2=0.0 valid_frac=0.0
[journal] apic_v3_2_x epoch 18/50 train_loss=0.2164 val_loss=0.8010 val_auc=0.59846547314578 phase=joint apis_l2=0.0 valid_frac=0.0
[journal] apic_v3_2_x epoch 19/50 train_loss=0.1088 val_loss=1.0346 val_auc=0.6035805626598465 phase=joint apis_l2=0.0 valid_frac=0.0
[journal] apic_v3_2_x epoch 20/50 train_loss=0.1219 val_loss=1.3603 val_auc=0.6112531969309463 phase=joint apis_l2=0.0 valid_frac=0.0
[journal] apic_v3_2_x epoch 21/50 train_loss=0.1056 val_loss=1.0400 val_auc=0.6227621483375959 phase=joint apis_l2=0.0 valid_frac=0.0
[journal] apic_v3_2_x epoch 22/50 train_loss=0.0612 val_loss=0.9279 val_auc=0.6035805626598465 phase=joint apis_l2=0.0 valid_frac=0.0
[journal] apic_v3_2_x epoch 23/50 train_loss=0.1078 val_loss=1.2635 val_auc=0.5959079283887467 phase=joint apis_l2=0.0 valid_frac=0.0
[journal] apic_v3_2_x epoch 24/50 train_loss=0.0922 val_loss=1.1955 val_auc=0.5843989769820971 phase=joint apis_l2=0.0 valid_frac=0.0
[journal] apic_v3_2_x epoch 25/50 train_loss=0.0259 val_loss=1.2148 val_auc=0.5916453537936913 phase=joint apis_l2=0.0 valid_frac=0.0
[journal] apic_v3_2_x epoch 26/50 train_loss=0.0423 val_loss=1.4701 val_auc=0.5622335890878091 phase=joint apis_l2=0.0 valid_frac=0.0
[journal] apic_v3_2_x epoch 27/50 train_loss=0.0996 val_loss=1.3730 val_auc=0.580988917306053 phase=joint apis_l2=0.0 valid_frac=0.0
[journal] apic_v3_2_x epoch 28/50 train_loss=0.1097 val_loss=1.1434 val_auc=0.5882352941176471 phase=joint apis_l2=0.0 valid_frac=0.0
[journal] apic_v3_2_x epoch 29/50 train_loss=0.0369 val_loss=1.4824 val_auc=0.6099744245524297 phase=joint apis_l2=0.0 valid_frac=0.0
[journal] apic_v3_2_x epoch 30/50 train_loss=0.0499 val_loss=1.4964 val_auc=0.5839727195225916 phase=joint apis_l2=0.0 valid_frac=0.0
[journal] apic_v3_2_x epoch 31/50 train_loss=0.0685 val_loss=1.6674 val_auc=0.5728900255754475 phase=joint apis_l2=0.0 valid_frac=0.0
[journal] apic_v3_2_x epoch 32/50 train_loss=0.1097 val_loss=1.0302 val_auc=0.5993179880647911 phase=joint apis_l2=0.0 valid_frac=0.0
[journal] apic_v3_2_x epoch 33/50 train_loss=0.0277 val_loss=1.3567 val_auc=0.6018755328218243 phase=joint apis_l2=0.0 valid_frac=0.0
[journal] apic_v3_2_x epoch 34/50 train_loss=0.0059 val_loss=1.3114 val_auc=0.6129582267689685 phase=joint apis_l2=0.0 valid_frac=0.0
[journal] apic_v3_2_x epoch 35/50 train_loss=0.0043 val_loss=1.4441 val_auc=0.5818414322250639 phase=joint apis_l2=0.0 valid_frac=0.0
[journal] apic_v3_2_x epoch 36/50 train_loss=0.0050 val_loss=1.3308 val_auc=0.6010230179028132 phase=joint apis_l2=0.0 valid_frac=0.0
[journal] apic_v3_2_x epoch 37/50 train_loss=0.0766 val_loss=1.3605 val_auc=0.6027280477408354 phase=joint apis_l2=0.0 valid_frac=0.0
[journal] apic_v3_2_x epoch 38/50 train_loss=0.0161 val_loss=1.2666 val_auc=0.6167945439045183 phase=joint apis_l2=0.0 valid_frac=0.0
[journal] apic_v3_2_x epoch 39/50 train_loss=0.0515 val_loss=1.0040 val_auc=0.5997442455242966 phase=joint apis_l2=0.0 valid_frac=0.0
[journal] apic_v3_2_x epoch 40/50 train_loss=0.0940 val_loss=1.4340 val_auc=0.5639386189258312 phase=joint apis_l2=0.0 valid_frac=0.0
[journal] apic_v3_2_x epoch 41/50 train_loss=0.0121 val_loss=1.4855 val_auc=0.5447570332480818 phase=joint apis_l2=0.0 valid_frac=0.0
[journal] apic_v3_2_x epoch 42/50 train_loss=0.0353 val_loss=1.2440 val_auc=0.552003410059676 phase=joint apis_l2=0.0 valid_frac=0.0
[journal] apic_v3_2_x epoch 43/50 train_loss=0.0403 val_loss=1.3619 val_auc=0.5737425404944586 phase=joint apis_l2=0.0 valid_frac=0.0
[journal] apic_v3_2_x epoch 44/50 train_loss=0.1399 val_loss=0.9919 val_auc=0.5907928388746804 phase=joint apis_l2=0.0 valid_frac=0.0
[journal] apic_v3_2_x epoch 45/50 train_loss=0.0576 val_loss=1.1623 val_auc=0.5954816709292413 phase=joint apis_l2=0.0 valid_frac=0.0
[journal] apic_v3_2_x epoch 46/50 train_loss=0.0081 val_loss=1.3341 val_auc=0.6129582267689685 phase=joint apis_l2=0.0 valid_frac=0.0
[journal] apic_v3_2_x epoch 47/50 train_loss=0.0520 val_loss=1.5523 val_auc=0.5886615515771526 phase=joint apis_l2=0.0 valid_frac=0.0
[journal] apic_v3_2_x epoch 48/50 train_loss=0.1553 val_loss=1.5956 val_auc=0.6091219096334185 phase=joint apis_l2=0.0 valid_frac=0.0
[journal] apic_v3_2_x epoch 49/50 train_loss=0.0310 val_loss=1.4324 val_auc=0.5942028985507246 phase=joint apis_l2=0.0 valid_frac=0.0
[journal] apic_v3_2_x epoch 50/50 train_loss=0.0160 val_loss=1.8596 val_auc=0.6240409207161126 phase=joint apis_l2=0.0 valid_frac=0.0
[journal] completed: /zjs/AD_Project/dual_shift_github/outputs/journal/apic_v3_2_screening_mci_ad/r4/seed42/adni_to_nacc
