[journal] ce_x epoch 1/50 train_loss=0.5800 val_loss=0.7131 val_auc=0.5460358056265985 phase=clean apis_l2=0.0 valid_frac=0.0
[journal] ce_x epoch 2/50 train_loss=0.4420 val_loss=1.6868 val_auc=0.5556265984654731 phase=clean apis_l2=0.0 valid_frac=0.0
[journal] ce_x epoch 3/50 train_loss=0.4240 val_loss=1.7046 val_auc=0.5588235294117646 phase=clean apis_l2=0.0 valid_frac=0.0
[journal] ce_x epoch 4/50 train_loss=0.4311 val_loss=0.7762 val_auc=0.5814151747655584 phase=clean apis_l2=0.0 valid_frac=0.0
[journal] ce_x epoch 5/50 train_loss=0.3124 val_loss=1.1358 val_auc=0.5763000852514919 phase=clean apis_l2=0.0 valid_frac=0.0
[journal] ce_x epoch 6/50 train_loss=0.2873 val_loss=1.4730 val_auc=0.5643648763853367 phase=clean apis_l2=0.0 valid_frac=0.0
[journal] ce_x epoch 7/50 train_loss=0.3617 val_loss=2.3569 val_auc=0.5264279624893436 phase=clean apis_l2=0.0 valid_frac=0.0
[journal] ce_x epoch 8/50 train_loss=0.3312 val_loss=1.0708 val_auc=0.5294117647058824 phase=clean apis_l2=0.0 valid_frac=0.0
[journal] ce_x epoch 9/50 train_loss=0.2911 val_loss=2.3556 val_auc=0.5196078431372549 phase=clean apis_l2=0.0 valid_frac=0.0
[journal] ce_x epoch 10/50 train_loss=0.2772 val_loss=0.8341 val_auc=0.5545609548167093 phase=clean apis_l2=0.0 valid_frac=0.0
[journal] ce_x epoch 11/50 train_loss=0.1771 val_loss=1.8304 val_auc=0.5494458653026427 phase=clean apis_l2=0.0 valid_frac=0.0
[journal] ce_x epoch 12/50 train_loss=0.1800 val_loss=1.3195 val_auc=0.571611253196931 phase=clean apis_l2=0.0 valid_frac=0.0
[journal] ce_x epoch 13/50 train_loss=0.1800 val_loss=0.9395 val_auc=0.5588235294117647 phase=clean apis_l2=0.0 valid_frac=0.0
[journal] ce_x epoch 14/50 train_loss=0.1753 val_loss=1.1630 val_auc=0.5485933503836318 phase=clean apis_l2=0.0 valid_frac=0.0
[journal] ce_x epoch 15/50 train_loss=0.1451 val_loss=1.0021 val_auc=0.546462063086104 phase=clean apis_l2=0.0 valid_frac=0.0
[journal] ce_x epoch 16/50 train_loss=0.1102 val_loss=1.1672 val_auc=0.5426257459505542 phase=clean apis_l2=0.0 valid_frac=0.0
[journal] ce_x epoch 17/50 train_loss=0.1860 val_loss=0.9953 val_auc=0.5434782608695653 phase=clean apis_l2=0.0 valid_frac=0.0
[journal] ce_x epoch 18/50 train_loss=0.1001 val_loss=1.2314 val_auc=0.561381074168798 phase=clean apis_l2=0.0 valid_frac=0.0
[journal] ce_x epoch 19/50 train_loss=0.0896 val_loss=1.1222 val_auc=0.5383631713554987 phase=clean apis_l2=0.0 valid_frac=0.0
[journal] ce_x epoch 20/50 train_loss=0.0678 val_loss=1.5448 val_auc=0.5596760443307759 phase=clean apis_l2=0.0 valid_frac=0.0
[journal] ce_x epoch 21/50 train_loss=0.0354 val_loss=1.1070 val_auc=0.5392156862745098 phase=clean apis_l2=0.0 valid_frac=0.0
[journal] ce_x epoch 22/50 train_loss=0.0975 val_loss=0.9588 val_auc=0.5814151747655584 phase=clean apis_l2=0.0 valid_frac=0.0
[journal] ce_x epoch 23/50 train_loss=0.0765 val_loss=0.8434 val_auc=0.6189258312020459 phase=clean apis_l2=0.0 valid_frac=0.0
[journal] ce_x epoch 24/50 train_loss=0.0707 val_loss=0.8948 val_auc=0.6462063086104007 phase=clean apis_l2=0.0 valid_frac=0.0
[journal] ce_x epoch 25/50 train_loss=0.0290 val_loss=0.8541 val_auc=0.6611253196930947 phase=clean apis_l2=0.0 valid_frac=0.0
[journal] ce_x epoch 26/50 train_loss=0.0955 val_loss=1.1114 val_auc=0.6253196930946292 phase=clean apis_l2=0.0 valid_frac=0.0
[journal] ce_x epoch 27/50 train_loss=0.1186 val_loss=0.8702 val_auc=0.6155157715260017 phase=clean apis_l2=0.0 valid_frac=0.0
[journal] ce_x epoch 28/50 train_loss=0.0692 val_loss=1.1037 val_auc=0.6052855924978687 phase=clean apis_l2=0.0 valid_frac=0.0
[journal] ce_x epoch 29/50 train_loss=0.0628 val_loss=1.0397 val_auc=0.6287297527706736 phase=clean apis_l2=0.0 valid_frac=0.0
[journal] ce_x epoch 30/50 train_loss=0.0660 val_loss=1.1896 val_auc=0.6121057118499574 phase=clean apis_l2=0.0 valid_frac=0.0
[journal] ce_x epoch 31/50 train_loss=0.0547 val_loss=1.1820 val_auc=0.5903665814151747 phase=clean apis_l2=0.0 valid_frac=0.0
[journal] ce_x epoch 32/50 train_loss=0.0206 val_loss=1.1776 val_auc=0.5549872122762148 phase=clean apis_l2=0.0 valid_frac=0.0
[journal] ce_x epoch 33/50 train_loss=0.0237 val_loss=1.0862 val_auc=0.56692242114237 phase=clean apis_l2=0.0 valid_frac=0.0
[journal] ce_x epoch 34/50 train_loss=0.0051 val_loss=1.3490 val_auc=0.5626598465473146 phase=clean apis_l2=0.0 valid_frac=0.0
[journal] ce_x epoch 35/50 train_loss=0.0074 val_loss=0.9956 val_auc=0.571611253196931 phase=clean apis_l2=0.0 valid_frac=0.0
[journal] ce_x epoch 36/50 train_loss=0.0441 val_loss=1.4121 val_auc=0.5784313725490197 phase=clean apis_l2=0.0 valid_frac=0.0
[journal] ce_x epoch 37/50 train_loss=0.0362 val_loss=0.9242 val_auc=0.5946291560102303 phase=clean apis_l2=0.0 valid_frac=0.0
[journal] ce_x epoch 38/50 train_loss=0.0248 val_loss=1.3530 val_auc=0.6065643648763853 phase=clean apis_l2=0.0 valid_frac=0.0
[journal] ce_x epoch 39/50 train_loss=0.0398 val_loss=1.4571 val_auc=0.5763000852514919 phase=clean apis_l2=0.0 valid_frac=0.0
[journal] ce_x epoch 40/50 train_loss=0.0279 val_loss=1.1546 val_auc=0.5890878090366581 phase=clean apis_l2=0.0 valid_frac=0.0
[journal] ce_x epoch 41/50 train_loss=0.0552 val_loss=1.0201 val_auc=0.5839727195225916 phase=clean apis_l2=0.0 valid_frac=0.0
[journal] ce_x epoch 42/50 train_loss=0.0101 val_loss=1.1287 val_auc=0.6052855924978687 phase=clean apis_l2=0.0 valid_frac=0.0
[journal] ce_x epoch 43/50 train_loss=0.0029 val_loss=1.2436 val_auc=0.6027280477408354 phase=clean apis_l2=0.0 valid_frac=0.0
[journal] ce_x epoch 44/50 train_loss=0.0983 val_loss=1.7548 val_auc=0.5707587382779199 phase=clean apis_l2=0.0 valid_frac=0.0
[journal] ce_x epoch 45/50 train_loss=0.1184 val_loss=1.1587 val_auc=0.5409207161125319 phase=clean apis_l2=0.0 valid_frac=0.0
[journal] ce_x epoch 46/50 train_loss=0.0487 val_loss=1.0245 val_auc=0.5430520034100597 phase=clean apis_l2=0.0 valid_frac=0.0
[journal] ce_x epoch 47/50 train_loss=0.0214 val_loss=1.1019 val_auc=0.5852514919011083 phase=clean apis_l2=0.0 valid_frac=0.0
[journal] ce_x epoch 48/50 train_loss=0.0058 val_loss=1.3393 val_auc=0.6052855924978687 phase=clean apis_l2=0.0 valid_frac=0.0
[journal] ce_x epoch 49/50 train_loss=0.0033 val_loss=1.3661 val_auc=0.5861040068201194 phase=clean apis_l2=0.0 valid_frac=0.0
[journal] ce_x epoch 50/50 train_loss=0.0019 val_loss=1.4103 val_auc=0.5669224211423699 phase=clean apis_l2=0.0 valid_frac=0.0
[journal] mixstyle_x epoch 1/50 train_loss=0.5694 val_loss=1.3211 val_auc=0.5 phase=mixstyle apis_l2=0.0 valid_frac=0.0
[journal] mixstyle_x epoch 2/50 train_loss=0.4460 val_loss=1.8335 val_auc=0.5287723785166241 phase=mixstyle apis_l2=0.0 valid_frac=0.0
[journal] mixstyle_x epoch 3/50 train_loss=0.4475 val_loss=0.8908 val_auc=0.5302642796248934 phase=mixstyle apis_l2=0.0 valid_frac=0.0
[journal] mixstyle_x epoch 4/50 train_loss=0.4395 val_loss=0.9248 val_auc=0.5707587382779199 phase=mixstyle apis_l2=0.0 valid_frac=0.0
[journal] mixstyle_x epoch 5/50 train_loss=0.2858 val_loss=1.1619 val_auc=0.5792838874680307 phase=mixstyle apis_l2=0.0 valid_frac=0.0
[journal] mixstyle_x epoch 6/50 train_loss=0.3136 val_loss=1.3097 val_auc=0.5878090366581415 phase=mixstyle apis_l2=0.0 valid_frac=0.0
[journal] mixstyle_x epoch 7/50 train_loss=0.3962 val_loss=1.0650 val_auc=0.5784313725490197 phase=mixstyle apis_l2=0.0 valid_frac=0.0
[journal] mixstyle_x epoch 8/50 train_loss=0.3232 val_loss=1.1952 val_auc=0.560528559249787 phase=mixstyle apis_l2=0.0 valid_frac=0.0
[journal] mixstyle_x epoch 9/50 train_loss=0.2810 val_loss=1.2074 val_auc=0.5524296675191815 phase=mixstyle apis_l2=0.0 valid_frac=0.0
[journal] mixstyle_x epoch 10/50 train_loss=0.2556 val_loss=1.0322 val_auc=0.5498721227621484 phase=mixstyle apis_l2=0.0 valid_frac=0.0
[journal] mixstyle_x epoch 11/50 train_loss=0.1807 val_loss=1.0909 val_auc=0.5737425404944586 phase=mixstyle apis_l2=0.0 valid_frac=0.0
[journal] mixstyle_x epoch 12/50 train_loss=0.1740 val_loss=1.3317 val_auc=0.5916453537936914 phase=mixstyle apis_l2=0.0 valid_frac=0.0
[journal] mixstyle_x epoch 13/50 train_loss=0.1640 val_loss=1.2220 val_auc=0.582693947144075 phase=mixstyle apis_l2=0.0 valid_frac=0.0
[journal] mixstyle_x epoch 14/50 train_loss=0.1553 val_loss=1.2369 val_auc=0.5775788576300085 phase=mixstyle apis_l2=0.0 valid_frac=0.0
[journal] mixstyle_x epoch 15/50 train_loss=0.1152 val_loss=1.0303 val_auc=0.5801364023870418 phase=mixstyle apis_l2=0.0 valid_frac=0.0
[journal] mixstyle_x epoch 16/50 train_loss=0.1369 val_loss=1.0473 val_auc=0.5566922421142371 phase=mixstyle apis_l2=0.0 valid_frac=0.0
[journal] mixstyle_x epoch 17/50 train_loss=0.2671 val_loss=0.6704 val_auc=0.5677749360613811 phase=mixstyle apis_l2=0.0 valid_frac=0.0
[journal] mixstyle_x epoch 18/50 train_loss=0.1424 val_loss=1.7704 val_auc=0.5451832907075873 phase=mixstyle apis_l2=0.0 valid_frac=0.0
[journal] mixstyle_x epoch 19/50 train_loss=0.0938 val_loss=0.8875 val_auc=0.5767263427109974 phase=mixstyle apis_l2=0.0 valid_frac=0.0
[journal] mixstyle_x epoch 20/50 train_loss=0.0929 val_loss=1.0389 val_auc=0.5652173913043478 phase=mixstyle apis_l2=0.0 valid_frac=0.0
[journal] mixstyle_x epoch 21/50 train_loss=0.0515 val_loss=1.3833 val_auc=0.5609548167092924 phase=mixstyle apis_l2=0.0 valid_frac=0.0
[journal] mixstyle_x epoch 22/50 train_loss=0.0969 val_loss=1.0125 val_auc=0.5758738277919864 phase=mixstyle apis_l2=0.0 valid_frac=0.0
[journal] mixstyle_x epoch 23/50 train_loss=0.0467 val_loss=1.3381 val_auc=0.5682011935208865 phase=mixstyle apis_l2=0.0 valid_frac=0.0
[journal] mixstyle_x epoch 24/50 train_loss=0.0160 val_loss=1.1791 val_auc=0.578005115089514 phase=mixstyle apis_l2=0.0 valid_frac=0.0
[journal] mixstyle_x epoch 25/50 train_loss=0.0318 val_loss=1.4940 val_auc=0.5532821824381926 phase=mixstyle apis_l2=0.0 valid_frac=0.0
[journal] mixstyle_x epoch 26/50 train_loss=0.0140 val_loss=1.4733 val_auc=0.5507246376811593 phase=mixstyle apis_l2=0.0 valid_frac=0.0
[journal] mixstyle_x epoch 27/50 train_loss=0.0270 val_loss=1.0983 val_auc=0.551150895140665 phase=mixstyle apis_l2=0.0 valid_frac=0.0
[journal] mixstyle_x epoch 28/50 train_loss=0.0730 val_loss=2.1785 val_auc=0.5596760443307759 phase=mixstyle apis_l2=0.0 valid_frac=0.0
[journal] mixstyle_x epoch 29/50 train_loss=0.1056 val_loss=1.0939 val_auc=0.5524296675191817 phase=mixstyle apis_l2=0.0 valid_frac=0.0
[journal] mixstyle_x epoch 30/50 train_loss=0.0566 val_loss=1.1820 val_auc=0.557544757033248 phase=mixstyle apis_l2=0.0 valid_frac=0.0
[journal] mixstyle_x epoch 31/50 train_loss=0.0969 val_loss=1.1576 val_auc=0.5707587382779199 phase=mixstyle apis_l2=0.0 valid_frac=0.0
[journal] mixstyle_x epoch 32/50 train_loss=0.0648 val_loss=1.1150 val_auc=0.5895140664961637 phase=mixstyle apis_l2=0.0 valid_frac=0.0
[journal] mixstyle_x epoch 33/50 train_loss=0.0275 val_loss=1.4237 val_auc=0.5912190963341858 phase=mixstyle apis_l2=0.0 valid_frac=0.0
[journal] mixstyle_x epoch 34/50 train_loss=0.0138 val_loss=1.2868 val_auc=0.5694799658994033 phase=mixstyle apis_l2=0.0 valid_frac=0.0
[journal] mixstyle_x epoch 35/50 train_loss=0.0122 val_loss=1.2420 val_auc=0.5652173913043478 phase=mixstyle apis_l2=0.0 valid_frac=0.0
[journal] mixstyle_x epoch 36/50 train_loss=0.0681 val_loss=1.1394 val_auc=0.5682011935208866 phase=mixstyle apis_l2=0.0 valid_frac=0.0
[journal] mixstyle_x epoch 37/50 train_loss=0.0447 val_loss=0.8637 val_auc=0.5609548167092925 phase=mixstyle apis_l2=0.0 valid_frac=0.0
[journal] mixstyle_x epoch 38/50 train_loss=0.0059 val_loss=1.0535 val_auc=0.5711849957374254 phase=mixstyle apis_l2=0.0 valid_frac=0.0
[journal] mixstyle_x epoch 39/50 train_loss=0.0477 val_loss=1.0908 val_auc=0.5929241261722079 phase=mixstyle apis_l2=0.0 valid_frac=0.0
[journal] mixstyle_x epoch 40/50 train_loss=0.0061 val_loss=1.0926 val_auc=0.6027280477408354 phase=mixstyle apis_l2=0.0 valid_frac=0.0
[journal] mixstyle_x epoch 41/50 train_loss=0.0283 val_loss=1.1982 val_auc=0.5848252344416027 phase=mixstyle apis_l2=0.0 valid_frac=0.0
[journal] mixstyle_x epoch 42/50 train_loss=0.0524 val_loss=1.1519 val_auc=0.5954816709292412 phase=mixstyle apis_l2=0.0 valid_frac=0.0
[journal] mixstyle_x epoch 43/50 train_loss=0.0154 val_loss=1.2569 val_auc=0.6104006820119352 phase=mixstyle apis_l2=0.0 valid_frac=0.0
[journal] mixstyle_x epoch 44/50 train_loss=0.0162 val_loss=1.5106 val_auc=0.6163682864450127 phase=mixstyle apis_l2=0.0 valid_frac=0.0
[journal] mixstyle_x epoch 45/50 train_loss=0.0052 val_loss=1.3080 val_auc=0.5916453537936914 phase=mixstyle apis_l2=0.0 valid_frac=0.0
[journal] mixstyle_x epoch 46/50 train_loss=0.0031 val_loss=1.2879 val_auc=0.6010230179028133 phase=mixstyle apis_l2=0.0 valid_frac=0.0
[journal] mixstyle_x epoch 47/50 train_loss=0.0017 val_loss=1.3084 val_auc=0.6104006820119353 phase=mixstyle apis_l2=0.0 valid_frac=0.0
[journal] mixstyle_x epoch 48/50 train_loss=0.0012 val_loss=1.3164 val_auc=0.6104006820119353 phase=mixstyle apis_l2=0.0 valid_frac=0.0
[journal] mixstyle_x epoch 49/50 train_loss=0.0017 val_loss=2.2481 val_auc=0.6018755328218245 phase=mixstyle apis_l2=0.0 valid_frac=0.0
[journal] mixstyle_x epoch 50/50 train_loss=0.0228 val_loss=1.5345 val_auc=0.5890878090366581 phase=mixstyle apis_l2=0.0 valid_frac=0.0
[journal] apic_v3_2_x epoch 1/50 train_loss=0.5771 val_loss=1.2482 val_auc=0.5652173913043478 phase=clean_warmup apis_l2=0.0 valid_frac=0.0
[journal] apic_v3_2_x epoch 2/50 train_loss=0.4435 val_loss=0.7626 val_auc=0.5895140664961637 phase=clean_warmup apis_l2=0.0 valid_frac=0.0
[journal] apic_v3_2_x epoch 3/50 train_loss=0.4237 val_loss=1.3174 val_auc=0.571611253196931 phase=clean_warmup apis_l2=0.0 valid_frac=0.0
[journal] apic_v3_2_x epoch 4/50 train_loss=0.4527 val_loss=0.7824 val_auc=0.5682011935208866 phase=clean_warmup apis_l2=0.0 valid_frac=0.0
[journal] apic_v3_2_x epoch 5/50 train_loss=0.3083 val_loss=1.1660 val_auc=0.5439045183290708 phase=clean_warmup apis_l2=0.0 valid_frac=0.0
[journal] apic_v3_2_x epoch 6/50 train_loss=0.2057 val_loss=1.1660 val_auc=0.545609548167093 phase=style_bank_build apis_l2=0.0 valid_frac=0.0
[journal] apic_v3_2_x epoch 7/50 train_loss=0.3528 val_loss=1.5521 val_auc=0.5298380221653879 phase=apis_warmup apis_l2=0.0 valid_frac=0.0
[journal] apic_v3_2_x epoch 8/50 train_loss=0.3677 val_loss=1.0922 val_auc=0.526001705029838 phase=apis_warmup apis_l2=0.0 valid_frac=0.0
[journal] apic_v3_2_x epoch 9/50 train_loss=0.3097 val_loss=2.1091 val_auc=0.5123614663256607 phase=apis_warmup apis_l2=0.0 valid_frac=0.0
[journal] apic_v3_2_x epoch 10/50 train_loss=0.3064 val_loss=0.7368 val_auc=0.5502983802216538 phase=apis_warmup apis_l2=0.0 valid_frac=0.0
[journal] apic_v3_2_x epoch 11/50 train_loss=0.2196 val_loss=1.8768 val_auc=0.5404944586530264 phase=apis_warmup apis_l2=0.0 valid_frac=0.0
[journal] apic_v3_2_x epoch 12/50 train_loss=0.2154 val_loss=1.3138 val_auc=0.5601023017902813 phase=joint apis_l2=0.0 valid_frac=0.0
[journal] apic_v3_2_x epoch 13/50 train_loss=0.1621 val_loss=1.1893 val_auc=0.5294117647058824 phase=joint apis_l2=0.0 valid_frac=0.0
[journal] apic_v3_2_x epoch 14/50 train_loss=0.1527 val_loss=1.1670 val_auc=0.5579710144927537 phase=joint apis_l2=0.0 valid_frac=0.0
[journal] apic_v3_2_x epoch 15/50 train_loss=0.1431 val_loss=0.9532 val_auc=0.5971867007672634 phase=joint apis_l2=0.0 valid_frac=0.0
[journal] apic_v3_2_x epoch 16/50 train_loss=0.1189 val_loss=1.3017 val_auc=0.5839727195225917 phase=joint apis_l2=0.0 valid_frac=0.0
[journal] apic_v3_2_x epoch 17/50 train_loss=0.2014 val_loss=1.3048 val_auc=0.5946291560102303 phase=joint apis_l2=0.0 valid_frac=0.0
[journal] apic_v3_2_x epoch 18/50 train_loss=0.1032 val_loss=1.1869 val_auc=0.5643648763853367 phase=joint apis_l2=0.0 valid_frac=0.0
[journal] apic_v3_2_x epoch 19/50 train_loss=0.0873 val_loss=1.3613 val_auc=0.5775788576300086 phase=joint apis_l2=0.0 valid_frac=0.0
[journal] apic_v3_2_x epoch 20/50 train_loss=0.0580 val_loss=1.2299 val_auc=0.5643648763853367 phase=joint apis_l2=0.0 valid_frac=0.0
[journal] apic_v3_2_x epoch 21/50 train_loss=0.0609 val_loss=1.5576 val_auc=0.5358056265984654 phase=joint apis_l2=0.0 valid_frac=0.0
[journal] apic_v3_2_x epoch 22/50 train_loss=0.1497 val_loss=0.8915 val_auc=0.5443307757885764 phase=joint apis_l2=0.0 valid_frac=0.0
[journal] apic_v3_2_x epoch 23/50 train_loss=0.0683 val_loss=0.8917 val_auc=0.5387894288150042 phase=joint apis_l2=0.0 valid_frac=0.0
[journal] apic_v3_2_x epoch 24/50 train_loss=0.1180 val_loss=0.9767 val_auc=0.597612958226769 phase=joint apis_l2=0.0 valid_frac=0.0
[journal] apic_v3_2_x epoch 25/50 train_loss=0.0578 val_loss=0.8076 val_auc=0.6193520886615516 phase=joint apis_l2=0.0 valid_frac=0.0
[journal] apic_v3_2_x epoch 26/50 train_loss=0.0552 val_loss=0.8609 val_auc=0.6167945439045183 phase=joint apis_l2=0.0 valid_frac=0.0
[journal] apic_v3_2_x epoch 27/50 train_loss=0.0203 val_loss=0.8210 val_auc=0.5903665814151747 phase=joint apis_l2=0.0 valid_frac=0.0
[journal] apic_v3_2_x epoch 28/50 train_loss=0.0096 val_loss=1.0895 val_auc=0.5826939471440751 phase=joint apis_l2=0.0 valid_frac=0.0
[journal] apic_v3_2_x epoch 29/50 train_loss=0.0188 val_loss=1.1049 val_auc=0.5878090366581415 phase=joint apis_l2=0.0 valid_frac=0.0
[journal] apic_v3_2_x epoch 30/50 train_loss=0.0867 val_loss=0.9734 val_auc=0.606990622335891 phase=joint apis_l2=0.0 valid_frac=0.0
[journal] apic_v3_2_x epoch 31/50 train_loss=0.1209 val_loss=1.1360 val_auc=0.6163682864450128 phase=joint apis_l2=0.0 valid_frac=0.0
[journal] apic_v3_2_x epoch 32/50 train_loss=0.1205 val_loss=0.7370 val_auc=0.6210571184995738 phase=joint apis_l2=0.0 valid_frac=0.0
[journal] apic_v3_2_x epoch 33/50 train_loss=0.0139 val_loss=1.4119 val_auc=0.5890878090366581 phase=joint apis_l2=0.0 valid_frac=0.0
[journal] apic_v3_2_x epoch 34/50 train_loss=0.0343 val_loss=1.0082 val_auc=0.5869565217391305 phase=joint apis_l2=0.0 valid_frac=0.0
[journal] apic_v3_2_x epoch 35/50 train_loss=0.0254 val_loss=1.0903 val_auc=0.5558397271952259 phase=joint apis_l2=0.0 valid_frac=0.0
[journal] apic_v3_2_x epoch 36/50 train_loss=0.0226 val_loss=1.0902 val_auc=0.5878090366581415 phase=joint apis_l2=0.0 valid_frac=0.0
[journal] apic_v3_2_x epoch 37/50 train_loss=0.0228 val_loss=2.5424 val_auc=0.5647911338448423 phase=joint apis_l2=0.0 valid_frac=0.0
[journal] apic_v3_2_x epoch 38/50 train_loss=0.0387 val_loss=0.9841 val_auc=0.6104006820119352 phase=joint apis_l2=0.0 valid_frac=0.0
[journal] apic_v3_2_x epoch 39/50 train_loss=0.0059 val_loss=0.9673 val_auc=0.5912190963341858 phase=joint apis_l2=0.0 valid_frac=0.0
[journal] apic_v3_2_x epoch 40/50 train_loss=0.0034 val_loss=1.0212 val_auc=0.6415174765558398 phase=joint apis_l2=0.0 valid_frac=0.0
[journal] apic_v3_2_x epoch 41/50 train_loss=0.0291 val_loss=1.3394 val_auc=0.6389599317988065 phase=joint apis_l2=0.0 valid_frac=0.0
[journal] apic_v3_2_x epoch 42/50 train_loss=0.1662 val_loss=1.5127 val_auc=0.6214833759590793 phase=joint apis_l2=0.0 valid_frac=0.0
[journal] apic_v3_2_x epoch 43/50 train_loss=0.1229 val_loss=0.9012 val_auc=0.5579710144927535 phase=joint apis_l2=0.0 valid_frac=0.0
[journal] apic_v3_2_x epoch 44/50 train_loss=0.0419 val_loss=1.1888 val_auc=0.5592497868712702 phase=joint apis_l2=0.0 valid_frac=0.0
[journal] apic_v3_2_x epoch 45/50 train_loss=0.0522 val_loss=1.1886 val_auc=0.551150895140665 phase=joint apis_l2=0.0 valid_frac=0.0
[journal] apic_v3_2_x epoch 46/50 train_loss=0.0491 val_loss=0.9512 val_auc=0.5780051150895141 phase=joint apis_l2=0.0 valid_frac=0.0
[journal] apic_v3_2_x epoch 47/50 train_loss=0.0075 val_loss=0.9697 val_auc=0.5699062233589088 phase=joint apis_l2=0.0 valid_frac=0.0
[journal] apic_v3_2_x epoch 48/50 train_loss=0.0052 val_loss=1.2999 val_auc=0.6219096334185849 phase=joint apis_l2=0.0 valid_frac=0.0
[journal] apic_v3_2_x epoch 49/50 train_loss=0.0101 val_loss=1.0487 val_auc=0.612531969309463 phase=joint apis_l2=0.0 valid_frac=0.0
[journal] apic_v3_2_x epoch 50/50 train_loss=0.0045 val_loss=1.1467 val_auc=0.5907928388746804 phase=joint apis_l2=0.0 valid_frac=0.0
[journal] completed: /zjs/AD_Project/dual_shift_github/outputs/journal/apic_v3_2_screening_mci_ad/r4/seed43/adni_to_nacc
