[journal] ce_x epoch 1/50 train_loss=0.6215 val_loss=3.3750 val_auc=0.5 phase=clean apis_l2=0.0 valid_frac=0.0
[journal] ce_x epoch 2/50 train_loss=0.5297 val_loss=0.6936 val_auc=0.5857142857142856 phase=clean apis_l2=0.0 valid_frac=0.0
[journal] ce_x epoch 3/50 train_loss=0.3990 val_loss=2.7475 val_auc=0.5595238095238094 phase=clean apis_l2=0.0 valid_frac=0.0
[journal] ce_x epoch 4/50 train_loss=0.4053 val_loss=0.7015 val_auc=0.6119047619047618 phase=clean apis_l2=0.0 valid_frac=0.0
[journal] ce_x epoch 5/50 train_loss=0.2576 val_loss=0.9503 val_auc=0.5976190476190476 phase=clean apis_l2=0.0 valid_frac=0.0
[journal] ce_x epoch 6/50 train_loss=0.2889 val_loss=0.7737 val_auc=0.638095238095238 phase=clean apis_l2=0.0 valid_frac=0.0
[journal] ce_x epoch 7/50 train_loss=0.2711 val_loss=1.1365 val_auc=0.6261904761904762 phase=clean apis_l2=0.0 valid_frac=0.0
[journal] ce_x epoch 8/50 train_loss=0.2483 val_loss=1.3352 val_auc=0.5928571428571429 phase=clean apis_l2=0.0 valid_frac=0.0
[journal] ce_x epoch 9/50 train_loss=0.1647 val_loss=0.6993 val_auc=0.6142857142857142 phase=clean apis_l2=0.0 valid_frac=0.0
[journal] ce_x epoch 10/50 train_loss=0.1516 val_loss=1.9738 val_auc=0.5928571428571429 phase=clean apis_l2=0.0 valid_frac=0.0
[journal] ce_x epoch 11/50 train_loss=0.1423 val_loss=0.6410 val_auc=0.6523809523809524 phase=clean apis_l2=0.0 valid_frac=0.0
[journal] ce_x epoch 12/50 train_loss=0.1119 val_loss=1.5461 val_auc=0.6309523809523809 phase=clean apis_l2=0.0 valid_frac=0.0
[journal] ce_x epoch 13/50 train_loss=0.0971 val_loss=0.8688 val_auc=0.6523809523809524 phase=clean apis_l2=0.0 valid_frac=0.0
[journal] ce_x epoch 14/50 train_loss=0.1396 val_loss=0.6991 val_auc=0.65 phase=clean apis_l2=0.0 valid_frac=0.0
[journal] ce_x epoch 15/50 train_loss=0.0729 val_loss=1.2431 val_auc=0.6357142857142857 phase=clean apis_l2=0.0 valid_frac=0.0
[journal] ce_x epoch 16/50 train_loss=0.0354 val_loss=0.8373 val_auc=0.669047619047619 phase=clean apis_l2=0.0 valid_frac=0.0
[journal] ce_x epoch 17/50 train_loss=0.1232 val_loss=0.9129 val_auc=0.6595238095238095 phase=clean apis_l2=0.0 valid_frac=0.0
[journal] ce_x epoch 18/50 train_loss=0.0743 val_loss=0.7626 val_auc=0.6928571428571427 phase=clean apis_l2=0.0 valid_frac=0.0
[journal] ce_x epoch 19/50 train_loss=0.0671 val_loss=0.7943 val_auc=0.688095238095238 phase=clean apis_l2=0.0 valid_frac=0.0
[journal] ce_x epoch 20/50 train_loss=0.0260 val_loss=0.8526 val_auc=0.6857142857142856 phase=clean apis_l2=0.0 valid_frac=0.0
[journal] ce_x epoch 21/50 train_loss=0.0081 val_loss=0.8478 val_auc=0.6833333333333332 phase=clean apis_l2=0.0 valid_frac=0.0
[journal] ce_x epoch 22/50 train_loss=0.0214 val_loss=0.9620 val_auc=0.6809523809523809 phase=clean apis_l2=0.0 valid_frac=0.0
[journal] ce_x epoch 23/50 train_loss=0.0615 val_loss=1.3933 val_auc=0.6809523809523809 phase=clean apis_l2=0.0 valid_frac=0.0
[journal] ce_x epoch 24/50 train_loss=0.0281 val_loss=1.1233 val_auc=0.6523809523809524 phase=clean apis_l2=0.0 valid_frac=0.0
[journal] ce_x epoch 25/50 train_loss=0.0245 val_loss=1.9446 val_auc=0.6309523809523809 phase=clean apis_l2=0.0 valid_frac=0.0
[journal] ce_x epoch 26/50 train_loss=0.0366 val_loss=0.9834 val_auc=0.6214285714285714 phase=clean apis_l2=0.0 valid_frac=0.0
[journal] ce_x epoch 27/50 train_loss=0.0098 val_loss=0.9153 val_auc=0.6428571428571428 phase=clean apis_l2=0.0 valid_frac=0.0
[journal] ce_x epoch 28/50 train_loss=0.0042 val_loss=0.9331 val_auc=0.6642857142857143 phase=clean apis_l2=0.0 valid_frac=0.0
[journal] ce_x epoch 29/50 train_loss=0.0023 val_loss=0.9225 val_auc=0.6857142857142856 phase=clean apis_l2=0.0 valid_frac=0.0
[journal] ce_x epoch 30/50 train_loss=0.0029 val_loss=1.0162 val_auc=0.6999999999999998 phase=clean apis_l2=0.0 valid_frac=0.0
[journal] ce_x epoch 31/50 train_loss=0.0034 val_loss=0.9323 val_auc=0.6999999999999998 phase=clean apis_l2=0.0 valid_frac=0.0
[journal] ce_x epoch 32/50 train_loss=0.0012 val_loss=0.9554 val_auc=0.6952380952380951 phase=clean apis_l2=0.0 valid_frac=0.0
[journal] ce_x epoch 33/50 train_loss=0.0399 val_loss=1.1293 val_auc=0.6761904761904761 phase=clean apis_l2=0.0 valid_frac=0.0
[journal] ce_x epoch 34/50 train_loss=0.2308 val_loss=1.3392 val_auc=0.6738095238095237 phase=clean apis_l2=0.0 valid_frac=0.0
[journal] ce_x epoch 35/50 train_loss=0.1396 val_loss=0.9183 val_auc=0.6428571428571428 phase=clean apis_l2=0.0 valid_frac=0.0
[journal] ce_x epoch 36/50 train_loss=0.1020 val_loss=0.6363 val_auc=0.669047619047619 phase=clean apis_l2=0.0 valid_frac=0.0
[journal] ce_x epoch 37/50 train_loss=0.1161 val_loss=0.8873 val_auc=0.6761904761904761 phase=clean apis_l2=0.0 valid_frac=0.0
[journal] ce_x epoch 38/50 train_loss=0.0246 val_loss=0.9293 val_auc=0.7214285714285714 phase=clean apis_l2=0.0 valid_frac=0.0
[journal] ce_x epoch 39/50 train_loss=0.0154 val_loss=0.9905 val_auc=0.7166666666666667 phase=clean apis_l2=0.0 valid_frac=0.0
[journal] ce_x epoch 40/50 train_loss=0.0562 val_loss=1.1066 val_auc=0.7142857142857143 phase=clean apis_l2=0.0 valid_frac=0.0
[journal] ce_x epoch 41/50 train_loss=0.0223 val_loss=1.2001 val_auc=0.6976190476190475 phase=clean apis_l2=0.0 valid_frac=0.0
[journal] ce_x epoch 42/50 train_loss=0.0595 val_loss=1.2136 val_auc=0.6761904761904761 phase=clean apis_l2=0.0 valid_frac=0.0
[journal] ce_x epoch 43/50 train_loss=0.0135 val_loss=1.0020 val_auc=0.6619047619047619 phase=clean apis_l2=0.0 valid_frac=0.0
[journal] ce_x epoch 44/50 train_loss=0.0094 val_loss=1.0433 val_auc=0.6642857142857143 phase=clean apis_l2=0.0 valid_frac=0.0
[journal] ce_x epoch 45/50 train_loss=0.0133 val_loss=1.2196 val_auc=0.6904761904761906 phase=clean apis_l2=0.0 valid_frac=0.0
[journal] ce_x epoch 46/50 train_loss=0.0042 val_loss=1.0436 val_auc=0.7023809523809522 phase=clean apis_l2=0.0 valid_frac=0.0
[journal] ce_x epoch 47/50 train_loss=0.0017 val_loss=1.1373 val_auc=0.7047619047619046 phase=clean apis_l2=0.0 valid_frac=0.0
[journal] ce_x epoch 48/50 train_loss=0.0236 val_loss=1.1064 val_auc=0.6928571428571427 phase=clean apis_l2=0.0 valid_frac=0.0
[journal] ce_x epoch 49/50 train_loss=0.0055 val_loss=1.0792 val_auc=0.6904761904761904 phase=clean apis_l2=0.0 valid_frac=0.0
[journal] ce_x epoch 50/50 train_loss=0.0023 val_loss=1.1368 val_auc=0.6809523809523809 phase=clean apis_l2=0.0 valid_frac=0.0
[journal] mixstyle_x epoch 1/50 train_loss=0.6338 val_loss=0.7198 val_auc=0.5 phase=mixstyle apis_l2=0.0 valid_frac=0.0
[journal] mixstyle_x epoch 2/50 train_loss=0.5177 val_loss=0.6841 val_auc=0.5857142857142857 phase=mixstyle apis_l2=0.0 valid_frac=0.0
[journal] mixstyle_x epoch 3/50 train_loss=0.3892 val_loss=1.3580 val_auc=0.6142857142857143 phase=mixstyle apis_l2=0.0 valid_frac=0.0
[journal] mixstyle_x epoch 4/50 train_loss=0.4216 val_loss=0.7812 val_auc=0.6547619047619048 phase=mixstyle apis_l2=0.0 valid_frac=0.0
[journal] mixstyle_x epoch 5/50 train_loss=0.2377 val_loss=1.7121 val_auc=0.619047619047619 phase=mixstyle apis_l2=0.0 valid_frac=0.0
[journal] mixstyle_x epoch 6/50 train_loss=0.2682 val_loss=0.8197 val_auc=0.611904761904762 phase=mixstyle apis_l2=0.0 valid_frac=0.0
[journal] mixstyle_x epoch 7/50 train_loss=0.2707 val_loss=1.6907 val_auc=0.5785714285714286 phase=mixstyle apis_l2=0.0 valid_frac=0.0
[journal] mixstyle_x epoch 8/50 train_loss=0.2288 val_loss=0.7329 val_auc=0.6190476190476191 phase=mixstyle apis_l2=0.0 valid_frac=0.0
[journal] mixstyle_x epoch 9/50 train_loss=0.1526 val_loss=0.9768 val_auc=0.6404761904761905 phase=mixstyle apis_l2=0.0 valid_frac=0.0
[journal] mixstyle_x epoch 10/50 train_loss=0.1534 val_loss=1.3058 val_auc=0.6999999999999998 phase=mixstyle apis_l2=0.0 valid_frac=0.0
[journal] mixstyle_x epoch 11/50 train_loss=0.1791 val_loss=0.6283 val_auc=0.7047619047619046 phase=mixstyle apis_l2=0.0 valid_frac=0.0
[journal] mixstyle_x epoch 12/50 train_loss=0.0963 val_loss=0.7012 val_auc=0.7095238095238096 phase=mixstyle apis_l2=0.0 valid_frac=0.0
[journal] mixstyle_x epoch 13/50 train_loss=0.1079 val_loss=0.5402 val_auc=0.7023809523809524 phase=mixstyle apis_l2=0.0 valid_frac=0.0
[journal] mixstyle_x epoch 14/50 train_loss=0.1390 val_loss=0.6819 val_auc=0.7023809523809524 phase=mixstyle apis_l2=0.0 valid_frac=0.0
[journal] mixstyle_x epoch 15/50 train_loss=0.1205 val_loss=0.6904 val_auc=0.7000000000000001 phase=mixstyle apis_l2=0.0 valid_frac=0.0
[journal] mixstyle_x epoch 16/50 train_loss=0.0616 val_loss=0.8141 val_auc=0.707142857142857 phase=mixstyle apis_l2=0.0 valid_frac=0.0
[journal] mixstyle_x epoch 17/50 train_loss=0.1326 val_loss=0.7164 val_auc=0.7095238095238096 phase=mixstyle apis_l2=0.0 valid_frac=0.0
[journal] mixstyle_x epoch 18/50 train_loss=0.0449 val_loss=0.9248 val_auc=0.7095238095238096 phase=mixstyle apis_l2=0.0 valid_frac=0.0
[journal] mixstyle_x epoch 19/50 train_loss=0.1086 val_loss=1.3084 val_auc=0.6833333333333332 phase=mixstyle apis_l2=0.0 valid_frac=0.0
[journal] mixstyle_x epoch 20/50 train_loss=0.1059 val_loss=0.8091 val_auc=0.669047619047619 phase=mixstyle apis_l2=0.0 valid_frac=0.0
[journal] mixstyle_x epoch 21/50 train_loss=0.0352 val_loss=0.7589 val_auc=0.6666666666666666 phase=mixstyle apis_l2=0.0 valid_frac=0.0
[journal] mixstyle_x epoch 22/50 train_loss=0.0427 val_loss=1.0883 val_auc=0.7023809523809524 phase=mixstyle apis_l2=0.0 valid_frac=0.0
[journal] mixstyle_x epoch 23/50 train_loss=0.0273 val_loss=1.0622 val_auc=0.7095238095238096 phase=mixstyle apis_l2=0.0 valid_frac=0.0
[journal] mixstyle_x epoch 24/50 train_loss=0.0136 val_loss=0.7068 val_auc=0.6976190476190475 phase=mixstyle apis_l2=0.0 valid_frac=0.0
[journal] mixstyle_x epoch 25/50 train_loss=0.0052 val_loss=0.8484 val_auc=0.6809523809523809 phase=mixstyle apis_l2=0.0 valid_frac=0.0
[journal] mixstyle_x epoch 26/50 train_loss=0.0206 val_loss=1.3862 val_auc=0.6809523809523809 phase=mixstyle apis_l2=0.0 valid_frac=0.0
[journal] mixstyle_x epoch 27/50 train_loss=0.0056 val_loss=0.8186 val_auc=0.6833333333333332 phase=mixstyle apis_l2=0.0 valid_frac=0.0
[journal] mixstyle_x epoch 28/50 train_loss=0.0027 val_loss=0.8765 val_auc=0.6785714285714285 phase=mixstyle apis_l2=0.0 valid_frac=0.0
[journal] mixstyle_x epoch 29/50 train_loss=0.0017 val_loss=0.8912 val_auc=0.6785714285714285 phase=mixstyle apis_l2=0.0 valid_frac=0.0
[journal] mixstyle_x epoch 30/50 train_loss=0.0034 val_loss=1.0073 val_auc=0.6761904761904761 phase=mixstyle apis_l2=0.0 valid_frac=0.0
[journal] mixstyle_x epoch 31/50 train_loss=0.0033 val_loss=1.0445 val_auc=0.6857142857142856 phase=mixstyle apis_l2=0.0 valid_frac=0.0
[journal] mixstyle_x epoch 32/50 train_loss=0.0013 val_loss=1.0440 val_auc=0.688095238095238 phase=mixstyle apis_l2=0.0 valid_frac=0.0
[journal] mixstyle_x epoch 33/50 train_loss=0.0041 val_loss=1.0501 val_auc=0.7000000000000001 phase=mixstyle apis_l2=0.0 valid_frac=0.0
[journal] mixstyle_x epoch 34/50 train_loss=0.0149 val_loss=0.8652 val_auc=0.7047619047619046 phase=mixstyle apis_l2=0.0 valid_frac=0.0
[journal] mixstyle_x epoch 35/50 train_loss=0.1495 val_loss=4.1695 val_auc=0.6404761904761904 phase=mixstyle apis_l2=0.0 valid_frac=0.0
[journal] mixstyle_x epoch 36/50 train_loss=0.1989 val_loss=0.6849 val_auc=0.6333333333333333 phase=mixstyle apis_l2=0.0 valid_frac=0.0
[journal] mixstyle_x epoch 37/50 train_loss=0.0254 val_loss=0.9686 val_auc=0.6404761904761905 phase=mixstyle apis_l2=0.0 valid_frac=0.0
[journal] mixstyle_x epoch 38/50 train_loss=0.0119 val_loss=1.4957 val_auc=0.6904761904761906 phase=mixstyle apis_l2=0.0 valid_frac=0.0
[journal] mixstyle_x epoch 39/50 train_loss=0.0140 val_loss=0.9738 val_auc=0.7023809523809524 phase=mixstyle apis_l2=0.0 valid_frac=0.0
[journal] mixstyle_x epoch 40/50 train_loss=0.0193 val_loss=1.0041 val_auc=0.7000000000000001 phase=mixstyle apis_l2=0.0 valid_frac=0.0
[journal] mixstyle_x epoch 41/50 train_loss=0.0026 val_loss=0.9638 val_auc=0.7214285714285715 phase=mixstyle apis_l2=0.0 valid_frac=0.0
[journal] mixstyle_x epoch 42/50 train_loss=0.0036 val_loss=0.9820 val_auc=0.719047619047619 phase=mixstyle apis_l2=0.0 valid_frac=0.0
[journal] mixstyle_x epoch 43/50 train_loss=0.0018 val_loss=0.9756 val_auc=0.7214285714285715 phase=mixstyle apis_l2=0.0 valid_frac=0.0
[journal] mixstyle_x epoch 44/50 train_loss=0.0026 val_loss=1.0447 val_auc=0.7238095238095239 phase=mixstyle apis_l2=0.0 valid_frac=0.0
[journal] mixstyle_x epoch 45/50 train_loss=0.0015 val_loss=1.0254 val_auc=0.7285714285714286 phase=mixstyle apis_l2=0.0 valid_frac=0.0
[journal] mixstyle_x epoch 46/50 train_loss=0.0015 val_loss=1.0324 val_auc=0.7285714285714286 phase=mixstyle apis_l2=0.0 valid_frac=0.0
[journal] mixstyle_x epoch 47/50 train_loss=0.0008 val_loss=1.0405 val_auc=0.7261904761904763 phase=mixstyle apis_l2=0.0 valid_frac=0.0
[journal] mixstyle_x epoch 48/50 train_loss=0.0007 val_loss=1.0371 val_auc=0.7214285714285715 phase=mixstyle apis_l2=0.0 valid_frac=0.0
[journal] mixstyle_x epoch 49/50 train_loss=0.0016 val_loss=1.0722 val_auc=0.7214285714285715 phase=mixstyle apis_l2=0.0 valid_frac=0.0
[journal] mixstyle_x epoch 50/50 train_loss=0.0010 val_loss=1.0407 val_auc=0.7238095238095239 phase=mixstyle apis_l2=0.0 valid_frac=0.0
[journal] apic_v3_2_x epoch 1/50 train_loss=0.6091 val_loss=1.8910 val_auc=0.5071428571428571 phase=clean_warmup apis_l2=0.0 valid_frac=0.0
[journal] apic_v3_2_x epoch 2/50 train_loss=0.5159 val_loss=0.6840 val_auc=0.6071428571428572 phase=clean_warmup apis_l2=0.0 valid_frac=0.0
[journal] apic_v3_2_x epoch 3/50 train_loss=0.3981 val_loss=0.7462 val_auc=0.6238095238095238 phase=clean_warmup apis_l2=0.0 valid_frac=0.0
[journal] apic_v3_2_x epoch 4/50 train_loss=0.4068 val_loss=1.1717 val_auc=0.6285714285714286 phase=clean_warmup apis_l2=0.0 valid_frac=0.0
[journal] apic_v3_2_x epoch 5/50 train_loss=0.2700 val_loss=0.9775 val_auc=0.5738095238095239 phase=clean_warmup apis_l2=0.0 valid_frac=0.0
[journal] apic_v3_2_x epoch 6/50 train_loss=0.3188 val_loss=0.9775 val_auc=0.5357142857142857 phase=style_bank_build apis_l2=0.0 valid_frac=0.0
[journal] apic_v3_2_x epoch 7/50 train_loss=0.3071 val_loss=2.7510 val_auc=0.5285714285714286 phase=apis_warmup apis_l2=0.0 valid_frac=0.0
[journal] apic_v3_2_x epoch 8/50 train_loss=0.2265 val_loss=0.7818 val_auc=0.5642857142857142 phase=apis_warmup apis_l2=0.0 valid_frac=0.0
[journal] apic_v3_2_x epoch 9/50 train_loss=0.2014 val_loss=1.1760 val_auc=0.6142857142857142 phase=apis_warmup apis_l2=0.0 valid_frac=0.0
[journal] apic_v3_2_x epoch 10/50 train_loss=0.1912 val_loss=1.0226 val_auc=0.6785714285714285 phase=apis_warmup apis_l2=0.0 valid_frac=0.0
[journal] apic_v3_2_x epoch 11/50 train_loss=0.1816 val_loss=0.6074 val_auc=0.7023809523809524 phase=apis_warmup apis_l2=0.0 valid_frac=0.0
[journal] apic_v3_2_x epoch 12/50 train_loss=0.0836 val_loss=2.8034 val_auc=0.6428571428571428 phase=joint apis_l2=0.0 valid_frac=0.0
[journal] apic_v3_2_x epoch 13/50 train_loss=0.1239 val_loss=0.5411 val_auc=0.6428571428571429 phase=joint apis_l2=0.0 valid_frac=0.0
[journal] apic_v3_2_x epoch 14/50 train_loss=0.1518 val_loss=0.6874 val_auc=0.6333333333333333 phase=joint apis_l2=0.0 valid_frac=0.0
[journal] apic_v3_2_x epoch 15/50 train_loss=0.0796 val_loss=0.9271 val_auc=0.6785714285714285 phase=joint apis_l2=0.0 valid_frac=0.0
[journal] apic_v3_2_x epoch 16/50 train_loss=0.0310 val_loss=0.8386 val_auc=0.6857142857142858 phase=joint apis_l2=0.0 valid_frac=0.0
[journal] apic_v3_2_x epoch 17/50 train_loss=0.1158 val_loss=0.9885 val_auc=0.6928571428571427 phase=joint apis_l2=0.0 valid_frac=0.0
[journal] apic_v3_2_x epoch 18/50 train_loss=0.0736 val_loss=0.9481 val_auc=0.707142857142857 phase=joint apis_l2=0.0 valid_frac=0.0
[journal] apic_v3_2_x epoch 19/50 train_loss=0.1634 val_loss=0.6193 val_auc=0.7238095238095238 phase=joint apis_l2=0.0 valid_frac=0.0
[journal] apic_v3_2_x epoch 20/50 train_loss=0.0853 val_loss=0.6444 val_auc=0.7261904761904762 phase=joint apis_l2=0.0 valid_frac=0.0
[journal] apic_v3_2_x epoch 21/50 train_loss=0.0325 val_loss=0.7130 val_auc=0.7285714285714286 phase=joint apis_l2=0.0 valid_frac=0.0
[journal] apic_v3_2_x epoch 22/50 train_loss=0.0324 val_loss=0.7206 val_auc=0.7309523809523809 phase=joint apis_l2=0.0 valid_frac=0.0
[journal] apic_v3_2_x epoch 23/50 train_loss=0.0092 val_loss=0.8194 val_auc=0.7404761904761905 phase=joint apis_l2=0.0 valid_frac=0.0
[journal] apic_v3_2_x epoch 24/50 train_loss=0.0068 val_loss=0.8990 val_auc=0.7547619047619047 phase=joint apis_l2=0.0 valid_frac=0.0
[journal] apic_v3_2_x epoch 25/50 train_loss=0.0097 val_loss=1.4969 val_auc=0.7166666666666667 phase=joint apis_l2=0.0 valid_frac=0.0
[journal] apic_v3_2_x epoch 26/50 train_loss=0.0290 val_loss=2.1420 val_auc=0.6666666666666666 phase=joint apis_l2=0.0 valid_frac=0.0
[journal] apic_v3_2_x epoch 27/50 train_loss=0.0229 val_loss=0.8023 val_auc=0.6785714285714285 phase=joint apis_l2=0.0 valid_frac=0.0
[journal] apic_v3_2_x epoch 28/50 train_loss=0.0465 val_loss=0.7297 val_auc=0.6904761904761904 phase=joint apis_l2=0.0 valid_frac=0.0
[journal] apic_v3_2_x epoch 29/50 train_loss=0.0052 val_loss=0.7739 val_auc=0.7380952380952381 phase=joint apis_l2=0.0 valid_frac=0.0
[journal] apic_v3_2_x epoch 30/50 train_loss=0.0074 val_loss=0.9433 val_auc=0.7238095238095239 phase=joint apis_l2=0.0 valid_frac=0.0
[journal] apic_v3_2_x epoch 31/50 train_loss=0.0125 val_loss=0.8066 val_auc=0.7190476190476192 phase=joint apis_l2=0.0 valid_frac=0.0
[journal] apic_v3_2_x epoch 32/50 train_loss=0.0025 val_loss=0.9503 val_auc=0.7095238095238096 phase=joint apis_l2=0.0 valid_frac=0.0
[journal] apic_v3_2_x epoch 33/50 train_loss=0.0250 val_loss=1.5738 val_auc=0.6999999999999998 phase=joint apis_l2=0.0 valid_frac=0.0
[journal] apic_v3_2_x epoch 34/50 train_loss=0.1399 val_loss=1.3955 val_auc=0.6952380952380951 phase=joint apis_l2=0.0 valid_frac=0.0
[journal] apic_v3_2_x epoch 35/50 train_loss=0.0800 val_loss=1.0429 val_auc=0.688095238095238 phase=joint apis_l2=0.0 valid_frac=0.0
[journal] apic_v3_2_x epoch 36/50 train_loss=0.0357 val_loss=0.6276 val_auc=0.7000000000000001 phase=joint apis_l2=0.0 valid_frac=0.0
[journal] apic_v3_2_x epoch 37/50 train_loss=0.0296 val_loss=0.8909 val_auc=0.6857142857142856 phase=joint apis_l2=0.0 valid_frac=0.0
[journal] apic_v3_2_x epoch 38/50 train_loss=0.0221 val_loss=1.6812 val_auc=0.6714285714285714 phase=joint apis_l2=0.0 valid_frac=0.0
[journal] apic_v3_2_x epoch 39/50 train_loss=0.0205 val_loss=1.1362 val_auc=0.6666666666666666 phase=joint apis_l2=0.0 valid_frac=0.0
[journal] apic_v3_2_x epoch 40/50 train_loss=0.0134 val_loss=0.8208 val_auc=0.6761904761904761 phase=joint apis_l2=0.0 valid_frac=0.0
[journal] apic_v3_2_x epoch 41/50 train_loss=0.0264 val_loss=1.0345 val_auc=0.6857142857142856 phase=joint apis_l2=0.0 valid_frac=0.0
[journal] apic_v3_2_x epoch 42/50 train_loss=0.0170 val_loss=0.8716 val_auc=0.669047619047619 phase=joint apis_l2=0.0 valid_frac=0.0
[journal] apic_v3_2_x epoch 43/50 train_loss=0.0038 val_loss=0.9092 val_auc=0.6952380952380953 phase=joint apis_l2=0.0 valid_frac=0.0
[journal] apic_v3_2_x epoch 44/50 train_loss=0.0091 val_loss=0.9702 val_auc=0.6976190476190475 phase=joint apis_l2=0.0 valid_frac=0.0
[journal] apic_v3_2_x epoch 45/50 train_loss=0.0038 val_loss=0.8639 val_auc=0.7095238095238093 phase=joint apis_l2=0.0 valid_frac=0.0
[journal] apic_v3_2_x epoch 46/50 train_loss=0.0014 val_loss=0.9166 val_auc=0.6999999999999998 phase=joint apis_l2=0.0 valid_frac=0.0
[journal] apic_v3_2_x epoch 47/50 train_loss=0.0008 val_loss=0.9284 val_auc=0.7047619047619046 phase=joint apis_l2=0.0 valid_frac=0.0
[journal] apic_v3_2_x epoch 48/50 train_loss=0.0007 val_loss=0.9377 val_auc=0.7047619047619046 phase=joint apis_l2=0.0 valid_frac=0.0
[journal] apic_v3_2_x epoch 49/50 train_loss=0.0020 val_loss=0.9895 val_auc=0.719047619047619 phase=joint apis_l2=0.0 valid_frac=0.0
[journal] apic_v3_2_x epoch 50/50 train_loss=0.0014 val_loss=0.9658 val_auc=0.7214285714285714 phase=joint apis_l2=0.0 valid_frac=0.0
[journal] completed: /zjs/AD_Project/dual_shift_github/outputs/journal/apic_v3_2_screening_mci_ad/r4/seed43/nacc_to_adni
