[journal] ce_x epoch 1/50 train_loss=0.5462 val_loss=0.8631 val_auc=0.5 phase=clean apis_l2=0.0 valid_frac=0.0
[journal] ce_x epoch 2/50 train_loss=0.4552 val_loss=1.4428 val_auc=0.5071428571428571 phase=clean apis_l2=0.0 valid_frac=0.0
[journal] ce_x epoch 3/50 train_loss=0.4211 val_loss=1.1048 val_auc=0.5095238095238095 phase=clean apis_l2=0.0 valid_frac=0.0
[journal] ce_x epoch 4/50 train_loss=0.3005 val_loss=0.6516 val_auc=0.5428571428571428 phase=clean apis_l2=0.0 valid_frac=0.0
[journal] ce_x epoch 5/50 train_loss=0.3045 val_loss=1.3173 val_auc=0.5690476190476191 phase=clean apis_l2=0.0 valid_frac=0.0
[journal] ce_x epoch 6/50 train_loss=0.2844 val_loss=1.1975 val_auc=0.6214285714285714 phase=clean apis_l2=0.0 valid_frac=0.0
[journal] ce_x epoch 7/50 train_loss=0.2627 val_loss=0.6039 val_auc=0.6476190476190476 phase=clean apis_l2=0.0 valid_frac=0.0
[journal] ce_x epoch 8/50 train_loss=0.2231 val_loss=1.1653 val_auc=0.6309523809523809 phase=clean apis_l2=0.0 valid_frac=0.0
[journal] ce_x epoch 9/50 train_loss=0.1524 val_loss=0.8013 val_auc=0.6238095238095238 phase=clean apis_l2=0.0 valid_frac=0.0
[journal] ce_x epoch 10/50 train_loss=0.1635 val_loss=0.6847 val_auc=0.6309523809523809 phase=clean apis_l2=0.0 valid_frac=0.0
[journal] ce_x epoch 11/50 train_loss=0.1310 val_loss=0.9367 val_auc=0.6666666666666666 phase=clean apis_l2=0.0 valid_frac=0.0
[journal] ce_x epoch 12/50 train_loss=0.1655 val_loss=0.6162 val_auc=0.7023809523809524 phase=clean apis_l2=0.0 valid_frac=0.0
[journal] ce_x epoch 13/50 train_loss=0.0744 val_loss=0.8186 val_auc=0.7023809523809522 phase=clean apis_l2=0.0 valid_frac=0.0
[journal] ce_x epoch 14/50 train_loss=0.0386 val_loss=1.0376 val_auc=0.7261904761904762 phase=clean apis_l2=0.0 valid_frac=0.0
[journal] ce_x epoch 15/50 train_loss=0.0826 val_loss=0.7862 val_auc=0.7214285714285714 phase=clean apis_l2=0.0 valid_frac=0.0
[journal] ce_x epoch 16/50 train_loss=0.0898 val_loss=0.6860 val_auc=0.7166666666666668 phase=clean apis_l2=0.0 valid_frac=0.0
[journal] ce_x epoch 17/50 train_loss=0.0594 val_loss=0.7449 val_auc=0.7166666666666667 phase=clean apis_l2=0.0 valid_frac=0.0
[journal] ce_x epoch 18/50 train_loss=0.0320 val_loss=0.8014 val_auc=0.7095238095238096 phase=clean apis_l2=0.0 valid_frac=0.0
[journal] ce_x epoch 19/50 train_loss=0.0774 val_loss=0.8548 val_auc=0.6976190476190477 phase=clean apis_l2=0.0 valid_frac=0.0
[journal] ce_x epoch 20/50 train_loss=0.0244 val_loss=0.8859 val_auc=0.6904761904761904 phase=clean apis_l2=0.0 valid_frac=0.0
[journal] ce_x epoch 21/50 train_loss=0.0330 val_loss=0.8351 val_auc=0.6880952380952382 phase=clean apis_l2=0.0 valid_frac=0.0
[journal] ce_x epoch 22/50 train_loss=0.0254 val_loss=1.1821 val_auc=0.6976190476190475 phase=clean apis_l2=0.0 valid_frac=0.0
[journal] ce_x epoch 23/50 train_loss=0.0049 val_loss=1.0797 val_auc=0.7071428571428572 phase=clean apis_l2=0.0 valid_frac=0.0
[journal] ce_x epoch 24/50 train_loss=0.0198 val_loss=0.7806 val_auc=0.711904761904762 phase=clean apis_l2=0.0 valid_frac=0.0
[journal] ce_x epoch 25/50 train_loss=0.0194 val_loss=1.7492 val_auc=0.692857142857143 phase=clean apis_l2=0.0 valid_frac=0.0
[journal] ce_x epoch 26/50 train_loss=0.0231 val_loss=0.8833 val_auc=0.6809523809523809 phase=clean apis_l2=0.0 valid_frac=0.0
[journal] ce_x epoch 27/50 train_loss=0.0051 val_loss=1.3390 val_auc=0.6714285714285714 phase=clean apis_l2=0.0 valid_frac=0.0
[journal] ce_x epoch 28/50 train_loss=0.0059 val_loss=0.9119 val_auc=0.6976190476190475 phase=clean apis_l2=0.0 valid_frac=0.0
[journal] ce_x epoch 29/50 train_loss=0.0029 val_loss=0.9446 val_auc=0.7047619047619046 phase=clean apis_l2=0.0 valid_frac=0.0
[journal] ce_x epoch 30/50 train_loss=0.0014 val_loss=0.9992 val_auc=0.707142857142857 phase=clean apis_l2=0.0 valid_frac=0.0
[journal] ce_x epoch 31/50 train_loss=0.0022 val_loss=1.0974 val_auc=0.7095238095238093 phase=clean apis_l2=0.0 valid_frac=0.0
[journal] ce_x epoch 32/50 train_loss=0.0019 val_loss=1.0147 val_auc=0.7047619047619046 phase=clean apis_l2=0.0 valid_frac=0.0
[journal] ce_x epoch 33/50 train_loss=0.0013 val_loss=0.9963 val_auc=0.7023809523809522 phase=clean apis_l2=0.0 valid_frac=0.0
[journal] ce_x epoch 34/50 train_loss=0.0007 val_loss=1.0379 val_auc=0.6999999999999998 phase=clean apis_l2=0.0 valid_frac=0.0
[journal] ce_x epoch 35/50 train_loss=0.0712 val_loss=0.7892 val_auc=0.6333333333333333 phase=clean apis_l2=0.0 valid_frac=0.0
[journal] ce_x epoch 36/50 train_loss=0.0554 val_loss=1.0976 val_auc=0.6047619047619047 phase=clean apis_l2=0.0 valid_frac=0.0
[journal] ce_x epoch 37/50 train_loss=0.1425 val_loss=1.1813 val_auc=0.5904761904761905 phase=clean apis_l2=0.0 valid_frac=0.0
[journal] ce_x epoch 38/50 train_loss=0.1178 val_loss=0.8492 val_auc=0.6333333333333333 phase=clean apis_l2=0.0 valid_frac=0.0
[journal] ce_x epoch 39/50 train_loss=0.0497 val_loss=1.2973 val_auc=0.6499999999999999 phase=clean apis_l2=0.0 valid_frac=0.0
[journal] ce_x epoch 40/50 train_loss=0.0497 val_loss=1.0615 val_auc=0.638095238095238 phase=clean apis_l2=0.0 valid_frac=0.0
[journal] ce_x epoch 41/50 train_loss=0.0425 val_loss=0.8465 val_auc=0.6642857142857143 phase=clean apis_l2=0.0 valid_frac=0.0
[journal] ce_x epoch 42/50 train_loss=0.0337 val_loss=0.9490 val_auc=0.688095238095238 phase=clean apis_l2=0.0 valid_frac=0.0
[journal] ce_x epoch 43/50 train_loss=0.0237 val_loss=1.0268 val_auc=0.719047619047619 phase=clean apis_l2=0.0 valid_frac=0.0
[journal] ce_x epoch 44/50 train_loss=0.0135 val_loss=0.9163 val_auc=0.711904761904762 phase=clean apis_l2=0.0 valid_frac=0.0
[journal] ce_x epoch 45/50 train_loss=0.0025 val_loss=0.9745 val_auc=0.6928571428571427 phase=clean apis_l2=0.0 valid_frac=0.0
[journal] ce_x epoch 46/50 train_loss=0.0040 val_loss=1.0298 val_auc=0.6809523809523809 phase=clean apis_l2=0.0 valid_frac=0.0
[journal] ce_x epoch 47/50 train_loss=0.0040 val_loss=1.1012 val_auc=0.6809523809523809 phase=clean apis_l2=0.0 valid_frac=0.0
[journal] ce_x epoch 48/50 train_loss=0.0035 val_loss=1.1419 val_auc=0.688095238095238 phase=clean apis_l2=0.0 valid_frac=0.0
[journal] ce_x epoch 49/50 train_loss=0.0018 val_loss=1.0436 val_auc=0.6833333333333332 phase=clean apis_l2=0.0 valid_frac=0.0
[journal] ce_x epoch 50/50 train_loss=0.0013 val_loss=1.0760 val_auc=0.6904761904761904 phase=clean apis_l2=0.0 valid_frac=0.0
[journal] mixstyle_x epoch 1/50 train_loss=0.5624 val_loss=2.2216 val_auc=0.5 phase=mixstyle apis_l2=0.0 valid_frac=0.0
[journal] mixstyle_x epoch 2/50 train_loss=0.4625 val_loss=0.7551 val_auc=0.5035714285714286 phase=mixstyle apis_l2=0.0 valid_frac=0.0
[journal] mixstyle_x epoch 3/50 train_loss=0.4214 val_loss=0.7678 val_auc=0.5476190476190476 phase=mixstyle apis_l2=0.0 valid_frac=0.0
[journal] mixstyle_x epoch 4/50 train_loss=0.3333 val_loss=0.6751 val_auc=0.5738095238095239 phase=mixstyle apis_l2=0.0 valid_frac=0.0
[journal] mixstyle_x epoch 5/50 train_loss=0.2994 val_loss=0.8336 val_auc=0.6071428571428572 phase=mixstyle apis_l2=0.0 valid_frac=0.0
[journal] mixstyle_x epoch 6/50 train_loss=0.2573 val_loss=0.8864 val_auc=0.6214285714285716 phase=mixstyle apis_l2=0.0 valid_frac=0.0
[journal] mixstyle_x epoch 7/50 train_loss=0.2168 val_loss=0.7579 val_auc=0.6571428571428571 phase=mixstyle apis_l2=0.0 valid_frac=0.0
[journal] mixstyle_x epoch 8/50 train_loss=0.2695 val_loss=1.2732 val_auc=0.6404761904761905 phase=mixstyle apis_l2=0.0 valid_frac=0.0
[journal] mixstyle_x epoch 9/50 train_loss=0.1193 val_loss=0.7733 val_auc=0.6428571428571429 phase=mixstyle apis_l2=0.0 valid_frac=0.0
[journal] mixstyle_x epoch 10/50 train_loss=0.2129 val_loss=0.9207 val_auc=0.6095238095238096 phase=mixstyle apis_l2=0.0 valid_frac=0.0
[journal] mixstyle_x epoch 11/50 train_loss=0.1659 val_loss=0.9313 val_auc=0.6428571428571428 phase=mixstyle apis_l2=0.0 valid_frac=0.0
[journal] mixstyle_x epoch 12/50 train_loss=0.1672 val_loss=0.7258 val_auc=0.6452380952380953 phase=mixstyle apis_l2=0.0 valid_frac=0.0
[journal] mixstyle_x epoch 13/50 train_loss=0.1152 val_loss=0.8383 val_auc=0.6619047619047619 phase=mixstyle apis_l2=0.0 valid_frac=0.0
[journal] mixstyle_x epoch 14/50 train_loss=0.0786 val_loss=0.7727 val_auc=0.6904761904761904 phase=mixstyle apis_l2=0.0 valid_frac=0.0
[journal] mixstyle_x epoch 15/50 train_loss=0.0989 val_loss=0.9043 val_auc=0.6904761904761904 phase=mixstyle apis_l2=0.0 valid_frac=0.0
[journal] mixstyle_x epoch 16/50 train_loss=0.1731 val_loss=1.0467 val_auc=0.6809523809523809 phase=mixstyle apis_l2=0.0 valid_frac=0.0
[journal] mixstyle_x epoch 17/50 train_loss=0.0911 val_loss=0.8236 val_auc=0.6666666666666666 phase=mixstyle apis_l2=0.0 valid_frac=0.0
[journal] mixstyle_x epoch 18/50 train_loss=0.0415 val_loss=0.8700 val_auc=0.6595238095238095 phase=mixstyle apis_l2=0.0 valid_frac=0.0
[journal] mixstyle_x epoch 19/50 train_loss=0.0614 val_loss=0.9163 val_auc=0.688095238095238 phase=mixstyle apis_l2=0.0 valid_frac=0.0
[journal] mixstyle_x epoch 20/50 train_loss=0.0385 val_loss=0.9847 val_auc=0.6738095238095237 phase=mixstyle apis_l2=0.0 valid_frac=0.0
[journal] mixstyle_x epoch 21/50 train_loss=0.0300 val_loss=0.9473 val_auc=0.6857142857142856 phase=mixstyle apis_l2=0.0 valid_frac=0.0
[journal] mixstyle_x epoch 22/50 train_loss=0.0408 val_loss=0.9692 val_auc=0.692857142857143 phase=mixstyle apis_l2=0.0 valid_frac=0.0
[journal] mixstyle_x epoch 23/50 train_loss=0.0128 val_loss=0.9187 val_auc=0.707142857142857 phase=mixstyle apis_l2=0.0 valid_frac=0.0
[journal] mixstyle_x epoch 24/50 train_loss=0.0138 val_loss=0.8925 val_auc=0.6999999999999998 phase=mixstyle apis_l2=0.0 valid_frac=0.0
[journal] mixstyle_x epoch 25/50 train_loss=0.0113 val_loss=1.0434 val_auc=0.7023809523809524 phase=mixstyle apis_l2=0.0 valid_frac=0.0
[journal] mixstyle_x epoch 26/50 train_loss=0.0795 val_loss=1.1261 val_auc=0.692857142857143 phase=mixstyle apis_l2=0.0 valid_frac=0.0
[journal] mixstyle_x epoch 27/50 train_loss=0.0200 val_loss=2.6172 val_auc=0.6428571428571428 phase=mixstyle apis_l2=0.0 valid_frac=0.0
[journal] mixstyle_x epoch 28/50 train_loss=0.0998 val_loss=1.0120 val_auc=0.6214285714285714 phase=mixstyle apis_l2=0.0 valid_frac=0.0
[journal] mixstyle_x epoch 29/50 train_loss=0.0796 val_loss=1.0078 val_auc=0.6476190476190476 phase=mixstyle apis_l2=0.0 valid_frac=0.0
[journal] mixstyle_x epoch 30/50 train_loss=0.0217 val_loss=1.0879 val_auc=0.6904761904761904 phase=mixstyle apis_l2=0.0 valid_frac=0.0
[journal] mixstyle_x epoch 31/50 train_loss=0.0125 val_loss=1.1449 val_auc=0.7166666666666667 phase=mixstyle apis_l2=0.0 valid_frac=0.0
[journal] mixstyle_x epoch 32/50 train_loss=0.0165 val_loss=0.9490 val_auc=0.6928571428571427 phase=mixstyle apis_l2=0.0 valid_frac=0.0
[journal] mixstyle_x epoch 33/50 train_loss=0.0120 val_loss=1.7118 val_auc=0.6833333333333332 phase=mixstyle apis_l2=0.0 valid_frac=0.0
[journal] mixstyle_x epoch 34/50 train_loss=0.0085 val_loss=1.1330 val_auc=0.6809523809523809 phase=mixstyle apis_l2=0.0 valid_frac=0.0
[journal] mixstyle_x epoch 35/50 train_loss=0.0088 val_loss=1.1184 val_auc=0.6904761904761904 phase=mixstyle apis_l2=0.0 valid_frac=0.0
[journal] mixstyle_x epoch 36/50 train_loss=0.0020 val_loss=1.1788 val_auc=0.7142857142857143 phase=mixstyle apis_l2=0.0 valid_frac=0.0
[journal] mixstyle_x epoch 37/50 train_loss=0.0012 val_loss=1.2540 val_auc=0.6999999999999998 phase=mixstyle apis_l2=0.0 valid_frac=0.0
[journal] mixstyle_x epoch 38/50 train_loss=0.0029 val_loss=1.2597 val_auc=0.6999999999999998 phase=mixstyle apis_l2=0.0 valid_frac=0.0
[journal] mixstyle_x epoch 39/50 train_loss=0.0039 val_loss=1.1729 val_auc=0.6999999999999998 phase=mixstyle apis_l2=0.0 valid_frac=0.0
[journal] mixstyle_x epoch 40/50 train_loss=0.0028 val_loss=1.2123 val_auc=0.7047619047619046 phase=mixstyle apis_l2=0.0 valid_frac=0.0
[journal] mixstyle_x epoch 41/50 train_loss=0.0017 val_loss=1.2330 val_auc=0.7023809523809522 phase=mixstyle apis_l2=0.0 valid_frac=0.0
[journal] mixstyle_x epoch 42/50 train_loss=0.0027 val_loss=1.1110 val_auc=0.688095238095238 phase=mixstyle apis_l2=0.0 valid_frac=0.0
[journal] mixstyle_x epoch 43/50 train_loss=0.0018 val_loss=1.2241 val_auc=0.6761904761904761 phase=mixstyle apis_l2=0.0 valid_frac=0.0
[journal] mixstyle_x epoch 44/50 train_loss=0.0014 val_loss=1.1920 val_auc=0.669047619047619 phase=mixstyle apis_l2=0.0 valid_frac=0.0
[journal] mixstyle_x epoch 45/50 train_loss=0.0010 val_loss=1.2779 val_auc=0.6761904761904761 phase=mixstyle apis_l2=0.0 valid_frac=0.0
[journal] mixstyle_x epoch 46/50 train_loss=0.0012 val_loss=1.3046 val_auc=0.6761904761904761 phase=mixstyle apis_l2=0.0 valid_frac=0.0
[journal] mixstyle_x epoch 47/50 train_loss=0.0011 val_loss=1.2949 val_auc=0.669047619047619 phase=mixstyle apis_l2=0.0 valid_frac=0.0
[journal] mixstyle_x epoch 48/50 train_loss=0.0013 val_loss=1.2805 val_auc=0.6571428571428571 phase=mixstyle apis_l2=0.0 valid_frac=0.0
[journal] mixstyle_x epoch 49/50 train_loss=0.0009 val_loss=1.2973 val_auc=0.6595238095238095 phase=mixstyle apis_l2=0.0 valid_frac=0.0
[journal] mixstyle_x epoch 50/50 train_loss=0.0006 val_loss=1.4011 val_auc=0.6619047619047619 phase=mixstyle apis_l2=0.0 valid_frac=0.0
[journal] apic_v3_2_x epoch 1/50 train_loss=0.5439 val_loss=0.7239 val_auc=0.5642857142857143 phase=clean_warmup apis_l2=0.0 valid_frac=0.0
[journal] apic_v3_2_x epoch 2/50 train_loss=0.4609 val_loss=0.9901 val_auc=0.5321428571428571 phase=clean_warmup apis_l2=0.0 valid_frac=0.0
[journal] apic_v3_2_x epoch 3/50 train_loss=0.4293 val_loss=0.5940 val_auc=0.6 phase=clean_warmup apis_l2=0.0 valid_frac=0.0
[journal] apic_v3_2_x epoch 4/50 train_loss=0.3172 val_loss=1.0049 val_auc=0.5928571428571429 phase=clean_warmup apis_l2=0.0 valid_frac=0.0
[journal] apic_v3_2_x epoch 5/50 train_loss=0.3187 val_loss=0.6299 val_auc=0.65 phase=clean_warmup apis_l2=0.0 valid_frac=0.0
[journal] apic_v3_2_x epoch 6/50 train_loss=0.1487 val_loss=0.6299 val_auc=0.6285714285714287 phase=style_bank_build apis_l2=0.0 valid_frac=0.0
[journal] apic_v3_2_x epoch 7/50 train_loss=0.2919 val_loss=1.9856 val_auc=0.6238095238095238 phase=apis_warmup apis_l2=0.0 valid_frac=0.0
[journal] apic_v3_2_x epoch 8/50 train_loss=0.3122 val_loss=0.8244 val_auc=0.6238095238095238 phase=apis_warmup apis_l2=0.0 valid_frac=0.0
[journal] apic_v3_2_x epoch 9/50 train_loss=0.1642 val_loss=0.8924 val_auc=0.6142857142857142 phase=apis_warmup apis_l2=0.0 valid_frac=0.0
[journal] apic_v3_2_x epoch 10/50 train_loss=0.2088 val_loss=0.7602 val_auc=0.6547619047619047 phase=apis_warmup apis_l2=0.0 valid_frac=0.0
[journal] apic_v3_2_x epoch 11/50 train_loss=0.1747 val_loss=0.5986 val_auc=0.6642857142857143 phase=apis_warmup apis_l2=0.0 valid_frac=0.0
[journal] apic_v3_2_x epoch 12/50 train_loss=0.1794 val_loss=0.7070 val_auc=0.6999999999999998 phase=joint apis_l2=0.0 valid_frac=0.0
[journal] apic_v3_2_x epoch 13/50 train_loss=0.1332 val_loss=0.9921 val_auc=0.7023809523809524 phase=joint apis_l2=0.0 valid_frac=0.0
[journal] apic_v3_2_x epoch 14/50 train_loss=0.0771 val_loss=0.8441 val_auc=0.707142857142857 phase=joint apis_l2=0.0 valid_frac=0.0
[journal] apic_v3_2_x epoch 15/50 train_loss=0.0879 val_loss=0.9901 val_auc=0.688095238095238 phase=joint apis_l2=0.0 valid_frac=0.0
[journal] apic_v3_2_x epoch 16/50 train_loss=0.0841 val_loss=1.4778 val_auc=0.6476190476190475 phase=joint apis_l2=0.0 valid_frac=0.0
[journal] apic_v3_2_x epoch 17/50 train_loss=0.1386 val_loss=0.8203 val_auc=0.6404761904761905 phase=joint apis_l2=0.0 valid_frac=0.0
[journal] apic_v3_2_x epoch 18/50 train_loss=0.0379 val_loss=0.8862 val_auc=0.6476190476190476 phase=joint apis_l2=0.0 valid_frac=0.0
[journal] apic_v3_2_x epoch 19/50 train_loss=0.0492 val_loss=0.8939 val_auc=0.7047619047619046 phase=joint apis_l2=0.0 valid_frac=0.0
[journal] apic_v3_2_x epoch 20/50 train_loss=0.0504 val_loss=0.9308 val_auc=0.6999999999999998 phase=joint apis_l2=0.0 valid_frac=0.0
[journal] apic_v3_2_x epoch 21/50 train_loss=0.0396 val_loss=0.8375 val_auc=0.6999999999999998 phase=joint apis_l2=0.0 valid_frac=0.0
[journal] apic_v3_2_x epoch 22/50 train_loss=0.0308 val_loss=0.9987 val_auc=0.6976190476190475 phase=joint apis_l2=0.0 valid_frac=0.0
[journal] apic_v3_2_x epoch 23/50 train_loss=0.0063 val_loss=0.9259 val_auc=0.7023809523809522 phase=joint apis_l2=0.0 valid_frac=0.0
[journal] apic_v3_2_x epoch 24/50 train_loss=0.0237 val_loss=1.0394 val_auc=0.7095238095238096 phase=joint apis_l2=0.0 valid_frac=0.0
[journal] apic_v3_2_x epoch 25/50 train_loss=0.0243 val_loss=1.2391 val_auc=0.7119047619047619 phase=joint apis_l2=0.0 valid_frac=0.0
[journal] apic_v3_2_x epoch 26/50 train_loss=0.0614 val_loss=0.9558 val_auc=0.7071428571428572 phase=joint apis_l2=0.0 valid_frac=0.0
[journal] apic_v3_2_x epoch 27/50 train_loss=0.0103 val_loss=1.0624 val_auc=0.6904761904761904 phase=joint apis_l2=0.0 valid_frac=0.0
[journal] apic_v3_2_x epoch 28/50 train_loss=0.0121 val_loss=1.0363 val_auc=0.6857142857142856 phase=joint apis_l2=0.0 valid_frac=0.0
[journal] apic_v3_2_x epoch 29/50 train_loss=0.0533 val_loss=1.3771 val_auc=0.688095238095238 phase=joint apis_l2=0.0 valid_frac=0.0
[journal] apic_v3_2_x epoch 30/50 train_loss=0.0104 val_loss=1.2413 val_auc=0.6952380952380951 phase=joint apis_l2=0.0 valid_frac=0.0
[journal] apic_v3_2_x epoch 31/50 train_loss=0.0321 val_loss=1.0498 val_auc=0.6904761904761904 phase=joint apis_l2=0.0 valid_frac=0.0
[journal] apic_v3_2_x epoch 32/50 train_loss=0.1514 val_loss=1.6851 val_auc=0.6714285714285714 phase=joint apis_l2=0.0 valid_frac=0.0
[journal] apic_v3_2_x epoch 33/50 train_loss=0.0601 val_loss=1.4641 val_auc=0.6476190476190476 phase=joint apis_l2=0.0 valid_frac=0.0
[journal] apic_v3_2_x epoch 34/50 train_loss=0.0404 val_loss=1.2242 val_auc=0.6238095238095238 phase=joint apis_l2=0.0 valid_frac=0.0
[journal] apic_v3_2_x epoch 35/50 train_loss=0.0454 val_loss=1.9779 val_auc=0.6047619047619047 phase=joint apis_l2=0.0 valid_frac=0.0
[journal] apic_v3_2_x epoch 36/50 train_loss=0.0371 val_loss=1.1553 val_auc=0.6309523809523809 phase=joint apis_l2=0.0 valid_frac=0.0
[journal] apic_v3_2_x epoch 37/50 train_loss=0.0042 val_loss=1.2303 val_auc=0.6547619047619048 phase=joint apis_l2=0.0 valid_frac=0.0
[journal] apic_v3_2_x epoch 38/50 train_loss=0.0492 val_loss=1.0226 val_auc=0.6904761904761904 phase=joint apis_l2=0.0 valid_frac=0.0
[journal] apic_v3_2_x epoch 39/50 train_loss=0.0174 val_loss=1.0318 val_auc=0.688095238095238 phase=joint apis_l2=0.0 valid_frac=0.0
[journal] apic_v3_2_x epoch 40/50 train_loss=0.0763 val_loss=1.0605 val_auc=0.6595238095238095 phase=joint apis_l2=0.0 valid_frac=0.0
[journal] apic_v3_2_x epoch 41/50 train_loss=0.0386 val_loss=0.8696 val_auc=0.669047619047619 phase=joint apis_l2=0.0 valid_frac=0.0
[journal] apic_v3_2_x epoch 42/50 train_loss=0.0154 val_loss=0.9538 val_auc=0.6809523809523809 phase=joint apis_l2=0.0 valid_frac=0.0
[journal] apic_v3_2_x epoch 43/50 train_loss=0.0135 val_loss=1.0970 val_auc=0.719047619047619 phase=joint apis_l2=0.0 valid_frac=0.0
[journal] apic_v3_2_x epoch 44/50 train_loss=0.0306 val_loss=0.8442 val_auc=0.7261904761904763 phase=joint apis_l2=0.0 valid_frac=0.0
[journal] apic_v3_2_x epoch 45/50 train_loss=0.0027 val_loss=0.9144 val_auc=0.7238095238095239 phase=joint apis_l2=0.0 valid_frac=0.0
[journal] apic_v3_2_x epoch 46/50 train_loss=0.0024 val_loss=0.9407 val_auc=0.7357142857142858 phase=joint apis_l2=0.0 valid_frac=0.0
[journal] apic_v3_2_x epoch 47/50 train_loss=0.0022 val_loss=0.9887 val_auc=0.7333333333333334 phase=joint apis_l2=0.0 valid_frac=0.0
[journal] apic_v3_2_x epoch 48/50 train_loss=0.0020 val_loss=0.9939 val_auc=0.730952380952381 phase=joint apis_l2=0.0 valid_frac=0.0
[journal] apic_v3_2_x epoch 49/50 train_loss=0.0015 val_loss=1.0153 val_auc=0.7261904761904763 phase=joint apis_l2=0.0 valid_frac=0.0
[journal] apic_v3_2_x epoch 50/50 train_loss=0.0010 val_loss=1.0406 val_auc=0.7285714285714286 phase=joint apis_l2=0.0 valid_frac=0.0
[journal] completed: /zjs/AD_Project/dual_shift_github/outputs/journal/apic_v3_2_screening_mci_ad/r4/seed42/nacc_to_adni
